<html>
<body>
<pre>
<h1>µVision Build Log</h1>
<h2>Tool Versions:</h2>
IDE-Version: ¦ÌVision V5.23.0.0
Copyright (C) 2017 ARM Ltd and ARM Germany GmbH. All rights reserved.
License Information: w k, w, LIC=0VR8T-RLRDV-C0BN2-93463-CWLZD-J82KN
 
Tool Versions:
Toolchain:       MDK-ARM Professional  Version: 5.23
Toolchain Path:  D:\Keil_v5\ARM\ARMCC\Bin
C Compiler:      Armcc.exe V5.06 update 4 (build 422)
Assembler:       Armasm.exe V5.06 update 4 (build 422)
Linker/Locator:  ArmLink.exe V5.06 update 4 (build 422)
Library Manager: ArmAr.exe V5.06 update 4 (build 422)
Hex Converter:   FromElf.exe V5.06 update 4 (build 422)
CPU DLL:         SARMCM3.DLL V5.23
Dialog DLL:      DCM.DLL V1.15.0.0
Target DLL:      STLink\ST-LINKIII-KEIL_SWO.dll V2.0.18.0
Dialog DLL:      TCM.DLL V1.27.0.0
 
<h2>Project:</h2>
E:\Learning\Project\STM32_learning\F767Test\Project\F767_Test.uvprojx
Project File Date:  03/31/2018

<h2>Output:</h2>
*** Using Compiler 'V5.06 update 4 (build 422)', folder: 'D:\Keil_v5\ARM\ARMCC\Bin'
Rebuild target 'F767_Test'
assembling startup_stm32f767xx.s...
compiling stm32f7xx_hal.c...
compiling stm32f7xx_hal_adc.c...
compiling stm32f7xx_hal_adc_ex.c...
compiling stm32f7xx_hal_cec.c...
compiling stm32f7xx_hal_cortex.c...
compiling stm32f7xx_hal_can.c...
compiling stm32f7xx_hal_cryp.c...
compiling stm32f7xx_hal_crc.c...
compiling stm32f7xx_hal_crc_ex.c...
compiling stm32f7xx_hal_dac_ex.c...
compiling stm32f7xx_hal_dac.c...
compiling stm32f7xx_hal_cryp_ex.c...
compiling stm32f7xx_hal_dcmi_ex.c...
compiling stm32f7xx_hal_dcmi.c...
compiling stm32f7xx_hal_dfsdm.c...
compiling stm32f7xx_hal_dma.c...
compiling stm32f7xx_hal_dma2d.c...
compiling stm32f7xx_hal_dma_ex.c...
compiling stm32f7xx_hal_dsi.c...
compiling stm32f7xx_hal_flash.c...
compiling stm32f7xx_hal_eth.c...
compiling stm32f7xx_hal_hash.c...
compiling stm32f7xx_hal_flash_ex.c...
compiling stm32f7xx_hal_gpio.c...
compiling stm32f7xx_hal_hash_ex.c...
compiling stm32f7xx_hal_hcd.c...
compiling stm32f7xx_hal_i2c.c...
compiling stm32f7xx_hal_i2c_ex.c...
compiling stm32f7xx_hal_irda.c...
compiling stm32f7xx_hal_i2s.c...
compiling stm32f7xx_hal_iwdg.c...
compiling stm32f7xx_hal_lptim.c...
compiling stm32f7xx_hal_jpeg.c...
compiling stm32f7xx_hal_ltdc.c...
compiling stm32f7xx_hal_ltdc_ex.c...
compiling stm32f7xx_hal_mdios.c...
compiling stm32f7xx_hal_pcd.c...
compiling stm32f7xx_hal_nor.c...
compiling stm32f7xx_hal_nand.c...
compiling stm32f7xx_hal_pwr_ex.c...
compiling stm32f7xx_hal_pcd_ex.c...
compiling stm32f7xx_hal_pwr.c...
compiling stm32f7xx_hal_qspi.c...
compiling stm32f7xx_hal_rcc.c...
compiling stm32f7xx_hal_rcc_ex.c...
compiling stm32f7xx_hal_rng.c...
compiling stm32f7xx_hal_rtc.c...
compiling stm32f7xx_hal_rtc_ex.c...
compiling stm32f7xx_hal_sai.c...
compiling stm32f7xx_hal_sai_ex.c...
compiling stm32f7xx_hal_sd.c...
compiling stm32f7xx_hal_smartcard_ex.c...
compiling stm32f7xx_hal_sdram.c...
compiling stm32f7xx_hal_smartcard.c...
compiling stm32f7xx_hal_sram.c...
compiling stm32f7xx_hal_spdifrx.c...
compiling stm32f7xx_hal_spi.c...
compiling stm32f7xx_hal_uart.c...
compiling stm32f7xx_hal_tim_ex.c...
compiling stm32f7xx_hal_tim.c...
compiling stm32f7xx_hal_wwdg.c...
compiling stm32f7xx_hal_usart.c...
compiling stm32f7xx_ll_fmc.c...
compiling stm32f7xx_ll_sdmmc.c...
compiling stm32f7xx_ll_usb.c...
compiling systemlog.c...
compiling systemclockset.c...
compiling main.c...
compiling stm32f7xx_hal_msp.c...
compiling stm32f7xx_it.c...
compiling delay.c...
compiling system_stm32f7xx.c...
compiling sys.c...
compiling usart.c...
linking...
Program Size: Code=8964 RO-data=580 RW-data=16 ZI-data=1336  
FromELF: creating hex file...
After Build - User command #1: D:\Keil_v5\ARM\ARMCC\bin\fromelf.exe --bin -o E:\Learning\Project\F767Test\Output\F767_Test.bin E:\Learning\Project\F767Test\Output\F767_Test.bin E:\Learning\Project\STM32_learning\F767Test\Output\F767_Test.axf
Error: Q0466E: An output file can only be specified if there is a single input file
Finished: 0 information, 0 warning and 1 error messages.
"..\Output\F767_Test.axf" - 0 Error(s), 0 Warning(s).

<h2>Collection of Component include folders:</h2>
  .\RTE\_F767_Test
  D:\Keil_v5\ARM\PACK\Keil\STM32F7xx_DFP\2.9.0\Drivers\CMSIS\Device\ST\STM32F7xx\Include

<h2>Collection of Component Files used:</h2>
Build Time Elapsed:  00:02:31
</pre>
</body>
</html>
