Component: ARM Compiler 5.06 update 4 (build 422) Tool: armlink [4d35d2]

==============================================================================

Section Cross References

    startup_stm32f767xx.o(RESET) refers to startup_stm32f767xx.o(STACK) for __initial_sp
    startup_stm32f767xx.o(RESET) refers to startup_stm32f767xx.o(.text) for Reset_Handler
    startup_stm32f767xx.o(RESET) refers to stm32f7xx_it.o(i.NMI_Handler) for NMI_Handler
    startup_stm32f767xx.o(RESET) refers to stm32f7xx_it.o(i.HardFault_Handler) for HardFault_Handler
    startup_stm32f767xx.o(RESET) refers to stm32f7xx_it.o(i.MemManage_Handler) for MemManage_Handler
    startup_stm32f767xx.o(RESET) refers to stm32f7xx_it.o(i.BusFault_Handler) for BusFault_Handler
    startup_stm32f767xx.o(RESET) refers to stm32f7xx_it.o(i.UsageFault_Handler) for UsageFault_Handler
    startup_stm32f767xx.o(RESET) refers to stm32f7xx_it.o(i.SVC_Handler) for SVC_Handler
    startup_stm32f767xx.o(RESET) refers to stm32f7xx_it.o(i.DebugMon_Handler) for DebugMon_Handler
    startup_stm32f767xx.o(RESET) refers to stm32f7xx_it.o(i.PendSV_Handler) for PendSV_Handler
    startup_stm32f767xx.o(RESET) refers to stm32f7xx_it.o(i.SysTick_Handler) for SysTick_Handler
    startup_stm32f767xx.o(RESET) refers to usart.o(i.USART1_IRQHandler) for USART1_IRQHandler
    startup_stm32f767xx.o(.text) refers to system_stm32f7xx.o(i.SystemInit) for SystemInit
    startup_stm32f767xx.o(.text) refers to entry.o(.ARM.Collect$$$$00000000) for __main
    stm32f7xx_hal.o(i.HAL_DeInit) refers to stm32f7xx_hal_msp.o(i.HAL_MspDeInit) for HAL_MspDeInit
    stm32f7xx_hal.o(i.HAL_Delay) refers to stm32f7xx_hal.o(i.HAL_GetTick) for HAL_GetTick
    stm32f7xx_hal.o(i.HAL_GetTick) refers to stm32f7xx_hal.o(.data) for .data
    stm32f7xx_hal.o(i.HAL_IncTick) refers to stm32f7xx_hal.o(.data) for .data
    stm32f7xx_hal.o(i.HAL_Init) refers to stm32f7xx_hal_cortex.o(i.HAL_NVIC_SetPriorityGrouping) for HAL_NVIC_SetPriorityGrouping
    stm32f7xx_hal.o(i.HAL_Init) refers to stm32f7xx_hal.o(i.HAL_InitTick) for HAL_InitTick
    stm32f7xx_hal.o(i.HAL_Init) refers to stm32f7xx_hal_msp.o(i.HAL_MspInit) for HAL_MspInit
    stm32f7xx_hal.o(i.HAL_InitTick) refers to stm32f7xx_hal_cortex.o(i.HAL_SYSTICK_Config) for HAL_SYSTICK_Config
    stm32f7xx_hal.o(i.HAL_InitTick) refers to stm32f7xx_hal_cortex.o(i.HAL_NVIC_SetPriority) for HAL_NVIC_SetPriority
    stm32f7xx_hal.o(i.HAL_InitTick) refers to system_stm32f7xx.o(.data) for SystemCoreClock
    stm32f7xx_hal_adc.o(i.ADC_DMAConvCplt) refers to stm32f7xx_hal_adc.o(i.HAL_ADC_ConvCpltCallback) for HAL_ADC_ConvCpltCallback
    stm32f7xx_hal_adc.o(i.ADC_DMAError) refers to stm32f7xx_hal_adc.o(i.HAL_ADC_ErrorCallback) for HAL_ADC_ErrorCallback
    stm32f7xx_hal_adc.o(i.ADC_DMAHalfConvCplt) refers to stm32f7xx_hal_adc.o(i.HAL_ADC_ConvHalfCpltCallback) for HAL_ADC_ConvHalfCpltCallback
    stm32f7xx_hal_adc.o(i.HAL_ADC_ConfigChannel) refers to system_stm32f7xx.o(.data) for SystemCoreClock
    stm32f7xx_hal_adc.o(i.HAL_ADC_DeInit) refers to stm32f7xx_hal_adc.o(i.HAL_ADC_MspDeInit) for HAL_ADC_MspDeInit
    stm32f7xx_hal_adc.o(i.HAL_ADC_IRQHandler) refers to stm32f7xx_hal_adc.o(i.HAL_ADC_ConvCpltCallback) for HAL_ADC_ConvCpltCallback
    stm32f7xx_hal_adc.o(i.HAL_ADC_IRQHandler) refers to stm32f7xx_hal_adc_ex.o(i.HAL_ADCEx_InjectedConvCpltCallback) for HAL_ADCEx_InjectedConvCpltCallback
    stm32f7xx_hal_adc.o(i.HAL_ADC_IRQHandler) refers to stm32f7xx_hal_adc.o(i.HAL_ADC_LevelOutOfWindowCallback) for HAL_ADC_LevelOutOfWindowCallback
    stm32f7xx_hal_adc.o(i.HAL_ADC_IRQHandler) refers to stm32f7xx_hal_adc.o(i.HAL_ADC_ErrorCallback) for HAL_ADC_ErrorCallback
    stm32f7xx_hal_adc.o(i.HAL_ADC_Init) refers to stm32f7xx_hal_adc.o(i.HAL_ADC_MspInit) for HAL_ADC_MspInit
    stm32f7xx_hal_adc.o(i.HAL_ADC_Init) refers to stm32f7xx_hal_adc.o(i.ADC_Init) for ADC_Init
    stm32f7xx_hal_adc.o(i.HAL_ADC_PollForConversion) refers to stm32f7xx_hal.o(i.HAL_GetTick) for HAL_GetTick
    stm32f7xx_hal_adc.o(i.HAL_ADC_PollForEvent) refers to stm32f7xx_hal.o(i.HAL_GetTick) for HAL_GetTick
    stm32f7xx_hal_adc.o(i.HAL_ADC_Start) refers to system_stm32f7xx.o(.data) for SystemCoreClock
    stm32f7xx_hal_adc.o(i.HAL_ADC_Start_DMA) refers to stm32f7xx_hal_dma.o(i.HAL_DMA_Start_IT) for HAL_DMA_Start_IT
    stm32f7xx_hal_adc.o(i.HAL_ADC_Start_DMA) refers to system_stm32f7xx.o(.data) for SystemCoreClock
    stm32f7xx_hal_adc.o(i.HAL_ADC_Start_DMA) refers to stm32f7xx_hal_adc.o(i.ADC_DMAConvCplt) for ADC_DMAConvCplt
    stm32f7xx_hal_adc.o(i.HAL_ADC_Start_DMA) refers to stm32f7xx_hal_adc.o(i.ADC_DMAHalfConvCplt) for ADC_DMAHalfConvCplt
    stm32f7xx_hal_adc.o(i.HAL_ADC_Start_DMA) refers to stm32f7xx_hal_adc.o(i.ADC_DMAError) for ADC_DMAError
    stm32f7xx_hal_adc.o(i.HAL_ADC_Start_IT) refers to system_stm32f7xx.o(.data) for SystemCoreClock
    stm32f7xx_hal_adc.o(i.HAL_ADC_Stop_DMA) refers to stm32f7xx_hal_dma.o(i.HAL_DMA_Abort) for HAL_DMA_Abort
[...]
    Removing stm32f7xx_hal_spdifrx.o(i.HAL_SPDIFRX_ReceiveDataFlow_DMA), (196 bytes).
    Removing stm32f7xx_hal_spdifrx.o(i.HAL_SPDIFRX_ReceiveDataFlow_IT), (168 bytes).
    Removing stm32f7xx_hal_spdifrx.o(i.HAL_SPDIFRX_RxCpltCallback), (2 bytes).
    Removing stm32f7xx_hal_spdifrx.o(i.HAL_SPDIFRX_RxHalfCpltCallback), (2 bytes).
    Removing stm32f7xx_hal_spdifrx.o(i.HAL_SPDIFRX_SetDataFormat), (68 bytes).
    Removing stm32f7xx_hal_spdifrx.o(i.SPDIFRX_DMACxCplt), (32 bytes).
    Removing stm32f7xx_hal_spdifrx.o(i.SPDIFRX_DMACxHalfCplt), (10 bytes).
    Removing stm32f7xx_hal_spdifrx.o(i.SPDIFRX_DMAError), (40 bytes).
    Removing stm32f7xx_hal_spdifrx.o(i.SPDIFRX_DMARxCplt), (40 bytes).
    Removing stm32f7xx_hal_spdifrx.o(i.SPDIFRX_DMARxHalfCplt), (10 bytes).
    Removing stm32f7xx_hal_spdifrx.o(i.SPDIFRX_WaitOnFlagUntilTimeout), (198 bytes).
    Removing stm32f7xx_hal_spi.o(.rev16_text), (4 bytes).
    Removing stm32f7xx_hal_spi.o(.revsh_text), (4 bytes).
    Removing stm32f7xx_hal_spi.o(.rrx_text), (6 bytes).
    Removing stm32f7xx_hal_spi.o(i.HAL_SPI_DMAPause), (38 bytes).
    Removing stm32f7xx_hal_spi.o(i.HAL_SPI_DMAResume), (38 bytes).
    Removing stm32f7xx_hal_spi.o(i.HAL_SPI_DMAStop), (40 bytes).
    Removing stm32f7xx_hal_spi.o(i.HAL_SPI_DeInit), (46 bytes).
    Removing stm32f7xx_hal_spi.o(i.HAL_SPI_ErrorCallback), (2 bytes).
    Removing stm32f7xx_hal_spi.o(i.HAL_SPI_GetError), (4 bytes).
    Removing stm32f7xx_hal_spi.o(i.HAL_SPI_GetState), (6 bytes).
    Removing stm32f7xx_hal_spi.o(i.HAL_SPI_IRQHandler), (232 bytes).
    Removing stm32f7xx_hal_spi.o(i.HAL_SPI_Init), (202 bytes).
    Removing stm32f7xx_hal_spi.o(i.HAL_SPI_MspDeInit), (2 bytes).
    Removing stm32f7xx_hal_spi.o(i.HAL_SPI_MspInit), (2 bytes).
    Removing stm32f7xx_hal_spi.o(i.HAL_SPI_Receive), (558 bytes).
    Removing stm32f7xx_hal_spi.o(i.HAL_SPI_Receive_DMA), (316 bytes).
    Removing stm32f7xx_hal_spi.o(i.HAL_SPI_Receive_IT), (256 bytes).
    Removing stm32f7xx_hal_spi.o(i.HAL_SPI_RxCpltCallback), (2 bytes).
    Removing stm32f7xx_hal_spi.o(i.HAL_SPI_RxHalfCpltCallback), (2 bytes).
    Removing stm32f7xx_hal_spi.o(i.HAL_SPI_Transmit), (362 bytes).
    Removing stm32f7xx_hal_spi.o(i.HAL_SPI_TransmitReceive), (728 bytes).
    Removing stm32f7xx_hal_spi.o(i.HAL_SPI_TransmitReceive_DMA), (476 bytes).
    Removing stm32f7xx_hal_spi.o(i.HAL_SPI_TransmitReceive_IT), (276 bytes).
    Removing stm32f7xx_hal_spi.o(i.HAL_SPI_Transmit_DMA), (304 bytes).
    Removing stm32f7xx_hal_spi.o(i.HAL_SPI_Transmit_IT), (180 bytes).
    Removing stm32f7xx_hal_spi.o(i.HAL_SPI_TxCpltCallback), (2 bytes).
    Removing stm32f7xx_hal_spi.o(i.HAL_SPI_TxHalfCpltCallback), (2 bytes).
    Removing stm32f7xx_hal_spi.o(i.HAL_SPI_TxRxCpltCallback), (2 bytes).
    Removing stm32f7xx_hal_spi.o(i.HAL_SPI_TxRxHalfCpltCallback), (2 bytes).
    Removing stm32f7xx_hal_spi.o(i.SPI_2linesRxISR_16BIT), (68 bytes).
    Removing stm32f7xx_hal_spi.o(i.SPI_2linesRxISR_16BITCRC), (28 bytes).
    Removing stm32f7xx_hal_spi.o(i.SPI_2linesRxISR_8BIT), (120 bytes).
    Removing stm32f7xx_hal_spi.o(i.SPI_2linesRxISR_8BITCRC), (46 bytes).
    Removing stm32f7xx_hal_spi.o(i.SPI_2linesTxISR_16BIT), (68 bytes).
    Removing stm32f7xx_hal_spi.o(i.SPI_2linesTxISR_8BIT), (88 bytes).
    Removing stm32f7xx_hal_spi.o(i.SPI_CloseRxTx_ISR), (106 bytes).
    Removing stm32f7xx_hal_spi.o(i.SPI_CloseRx_ISR), (84 bytes).
    Removing stm32f7xx_hal_spi.o(i.SPI_CloseTx_ISR), (70 bytes).
    Removing stm32f7xx_hal_spi.o(i.SPI_DMAAbortOnError), (18 bytes).
    Removing stm32f7xx_hal_spi.o(i.SPI_DMAError), (34 bytes).
    Removing stm32f7xx_hal_spi.o(i.SPI_DMAHalfReceiveCplt), (10 bytes).
    Removing stm32f7xx_hal_spi.o(i.SPI_DMAHalfTransmitCplt), (10 bytes).
    Removing stm32f7xx_hal_spi.o(i.SPI_DMAHalfTransmitReceiveCplt), (10 bytes).
    Removing stm32f7xx_hal_spi.o(i.SPI_DMAReceiveCplt), (190 bytes).
    Removing stm32f7xx_hal_spi.o(i.SPI_DMATransmitCplt), (78 bytes).
    Removing stm32f7xx_hal_spi.o(i.SPI_DMATransmitReceiveCplt), (174 bytes).
    Removing stm32f7xx_hal_spi.o(i.SPI_EndRxTransaction), (108 bytes).
    Removing stm32f7xx_hal_spi.o(i.SPI_EndRxTxTransaction), (64 bytes).
    Removing stm32f7xx_hal_spi.o(i.SPI_RxISR_16BIT), (80 bytes).
    Removing stm32f7xx_hal_spi.o(i.SPI_RxISR_16BITCRC), (28 bytes).
    Removing stm32f7xx_hal_spi.o(i.SPI_RxISR_8BIT), (76 bytes).
    Removing stm32f7xx_hal_spi.o(i.SPI_RxISR_8BITCRC), (32 bytes).
    Removing stm32f7xx_hal_spi.o(i.SPI_TxISR_16BIT), (50 bytes).
    Removing stm32f7xx_hal_spi.o(i.SPI_TxISR_8BIT), (48 bytes).
    Removing stm32f7xx_hal_spi.o(i.SPI_WaitFifoStateUntilTimeout), (162 bytes).
    Removing stm32f7xx_hal_spi.o(i.SPI_WaitFlagStateUntilTimeout), (142 bytes).
    Removing stm32f7xx_hal_sram.o(.rev16_text), (4 bytes).
    Removing stm32f7xx_hal_sram.o(.revsh_text), (4 bytes).
    Removing stm32f7xx_hal_sram.o(.rrx_text), (6 bytes).
    Removing stm32f7xx_hal_sram.o(i.HAL_SRAM_DMA_XferCpltCallback), (2 bytes).
    Removing stm32f7xx_hal_sram.o(i.HAL_SRAM_DMA_XferErrorCallback), (2 bytes).
    Removing stm32f7xx_hal_sram.o(i.HAL_SRAM_DeInit), (28 bytes).
    Removing stm32f7xx_hal_sram.o(i.HAL_SRAM_GetState), (6 bytes).
    Removing stm32f7xx_hal_sram.o(i.HAL_SRAM_Init), (86 bytes).
    Removing stm32f7xx_hal_sram.o(i.HAL_SRAM_MspDeInit), (2 bytes).
    Removing stm32f7xx_hal_sram.o(i.HAL_SRAM_MspInit), (2 bytes).
    Removing stm32f7xx_hal_sram.o(i.HAL_SRAM_Read_16b), (54 bytes).
    Removing stm32f7xx_hal_sram.o(i.HAL_SRAM_Read_32b), (50 bytes).
    Removing stm32f7xx_hal_sram.o(i.HAL_SRAM_Read_8b), (54 bytes).
    Removing stm32f7xx_hal_sram.o(i.HAL_SRAM_Read_DMA), (64 bytes).
    Removing stm32f7xx_hal_sram.o(i.HAL_SRAM_WriteOperation_Disable), (48 bytes).
    Removing stm32f7xx_hal_sram.o(i.HAL_SRAM_WriteOperation_Enable), (42 bytes).
    Removing stm32f7xx_hal_sram.o(i.HAL_SRAM_Write_16b), (66 bytes).
    Removing stm32f7xx_hal_sram.o(i.HAL_SRAM_Write_32b), (62 bytes).
    Removing stm32f7xx_hal_sram.o(i.HAL_SRAM_Write_8b), (66 bytes).
    Removing stm32f7xx_hal_sram.o(i.HAL_SRAM_Write_DMA), (84 bytes).
    Removing stm32f7xx_hal_tim.o(.rev16_text), (4 bytes).
    Removing stm32f7xx_hal_tim.o(.revsh_text), (4 bytes).
    Removing stm32f7xx_hal_tim.o(.rrx_text), (6 bytes).
    Removing stm32f7xx_hal_tim.o(i.HAL_TIM_Base_DeInit), (56 bytes).
    Removing stm32f7xx_hal_tim.o(i.HAL_TIM_Base_GetState), (6 bytes).
    Removing stm32f7xx_hal_tim.o(i.HAL_TIM_Base_Init), (48 bytes).
    Removing stm32f7xx_hal_tim.o(i.HAL_TIM_Base_MspDeInit), (2 bytes).
    Removing stm32f7xx_hal_tim.o(i.HAL_TIM_Base_MspInit), (2 bytes).
    Removing stm32f7xx_hal_tim.o(i.HAL_TIM_Base_Start), (26 bytes).
    Removing stm32f7xx_hal_tim.o(i.HAL_TIM_Base_Start_DMA), (92 bytes).
    Removing stm32f7xx_hal_tim.o(i.HAL_TIM_Base_Start_IT), (24 bytes).
    Removing stm32f7xx_hal_tim.o(i.HAL_TIM_Base_Stop), (44 bytes).
    Removing stm32f7xx_hal_tim.o(i.HAL_TIM_Base_Stop_DMA), (48 bytes).
    Removing stm32f7xx_hal_tim.o(i.HAL_TIM_Base_Stop_IT), (42 bytes).
    Removing stm32f7xx_hal_tim.o(i.HAL_TIM_ConfigClockSource), (252 bytes).
    Removing stm32f7xx_hal_tim.o(i.HAL_TIM_ConfigOCrefClear), (170 bytes).
    Removing stm32f7xx_hal_tim.o(i.HAL_TIM_ConfigTI1Input), (16 bytes).
    Removing stm32f7xx_hal_tim.o(i.HAL_TIM_DMABurst_ReadStart), (260 bytes).
    Removing stm32f7xx_hal_tim.o(i.HAL_TIM_DMABurst_ReadStop), (96 bytes).
    Removing stm32f7xx_hal_tim.o(i.HAL_TIM_DMABurst_WriteStart), (260 bytes).
    Removing stm32f7xx_hal_tim.o(i.HAL_TIM_DMABurst_WriteStop), (96 bytes).
    Removing stm32f7xx_hal_tim.o(i.HAL_TIM_Encoder_DeInit), (56 bytes).
    Removing stm32f7xx_hal_tim.o(i.HAL_TIM_Encoder_GetState), (6 bytes).
    Removing stm32f7xx_hal_tim.o(i.HAL_TIM_Encoder_Init), (168 bytes).
    Removing stm32f7xx_hal_tim.o(i.HAL_TIM_Encoder_MspDeInit), (2 bytes).
    Removing stm32f7xx_hal_tim.o(i.HAL_TIM_Encoder_MspInit), (2 bytes).
    Removing stm32f7xx_hal_tim.o(i.HAL_TIM_Encoder_Start), (52 bytes).
    Removing stm32f7xx_hal_tim.o(i.HAL_TIM_Encoder_Start_DMA), (272 bytes).
    Removing stm32f7xx_hal_tim.o(i.HAL_TIM_Encoder_Start_IT), (92 bytes).
    Removing stm32f7xx_hal_tim.o(i.HAL_TIM_Encoder_Stop), (70 bytes).
    Removing stm32f7xx_hal_tim.o(i.HAL_TIM_Encoder_Stop_DMA), (116 bytes).
    Removing stm32f7xx_hal_tim.o(i.HAL_TIM_Encoder_Stop_IT), (116 bytes).
    Removing stm32f7xx_hal_tim.o(i.HAL_TIM_ErrorCallback), (2 bytes).
    Removing stm32f7xx_hal_tim.o(i.HAL_TIM_GenerateEvent), (40 bytes).
    Removing stm32f7xx_hal_tim.o(i.HAL_TIM_IC_CaptureCallback), (2 bytes).
    Removing stm32f7xx_hal_tim.o(i.HAL_TIM_IC_ConfigChannel), (288 bytes).
    Removing stm32f7xx_hal_tim.o(i.HAL_TIM_IC_DeInit), (56 bytes).
    Removing stm32f7xx_hal_tim.o(i.HAL_TIM_IC_GetState), (6 bytes).
    Removing stm32f7xx_hal_tim.o(i.HAL_TIM_IC_Init), (54 bytes).
    Removing stm32f7xx_hal_tim.o(i.HAL_TIM_IC_MspDeInit), (2 bytes).
    Removing stm32f7xx_hal_tim.o(i.HAL_TIM_IC_MspInit), (2 bytes).
    Removing stm32f7xx_hal_tim.o(i.HAL_TIM_IC_Start), (26 bytes).
    Removing stm32f7xx_hal_tim.o(i.HAL_TIM_IC_Start_DMA), (200 bytes).
    Removing stm32f7xx_hal_tim.o(i.HAL_TIM_IC_Start_IT), (76 bytes).
    Removing stm32f7xx_hal_tim.o(i.HAL_TIM_IC_Stop), (44 bytes).
    Removing stm32f7xx_hal_tim.o(i.HAL_TIM_IC_Stop_DMA), (100 bytes).
    Removing stm32f7xx_hal_tim.o(i.HAL_TIM_IC_Stop_IT), (94 bytes).
    Removing stm32f7xx_hal_tim.o(i.HAL_TIM_IRQHandler), (382 bytes).
    Removing stm32f7xx_hal_tim.o(i.HAL_TIM_OC_ConfigChannel), (86 bytes).
    Removing stm32f7xx_hal_tim.o(i.HAL_TIM_OC_DeInit), (56 bytes).
    Removing stm32f7xx_hal_tim.o(i.HAL_TIM_OC_DelayElapsedCallback), (2 bytes).
    Removing stm32f7xx_hal_tim.o(i.HAL_TIM_OC_GetState), (6 bytes).
    Removing stm32f7xx_hal_tim.o(i.HAL_TIM_OC_Init), (54 bytes).
    Removing stm32f7xx_hal_tim.o(i.HAL_TIM_OC_MspDeInit), (2 bytes).
    Removing stm32f7xx_hal_tim.o(i.HAL_TIM_OC_MspInit), (2 bytes).
    Removing stm32f7xx_hal_tim.o(i.HAL_TIM_OC_Start), (56 bytes).
    Removing stm32f7xx_hal_tim.o(i.HAL_TIM_OC_Start_DMA), (240 bytes).
    Removing stm32f7xx_hal_tim.o(i.HAL_TIM_OC_Start_IT), (108 bytes).
    Removing stm32f7xx_hal_tim.o(i.HAL_TIM_OC_Stop), (88 bytes).
    Removing stm32f7xx_hal_tim.o(i.HAL_TIM_OC_Stop_DMA), (144 bytes).
    Removing stm32f7xx_hal_tim.o(i.HAL_TIM_OC_Stop_IT), (136 bytes).
    Removing stm32f7xx_hal_tim.o(i.HAL_TIM_OnePulse_ConfigChannel), (224 bytes).
    Removing stm32f7xx_hal_tim.o(i.HAL_TIM_OnePulse_DeInit), (56 bytes).
    Removing stm32f7xx_hal_tim.o(i.HAL_TIM_OnePulse_GetState), (6 bytes).
    Removing stm32f7xx_hal_tim.o(i.HAL_TIM_OnePulse_Init), (74 bytes).
    Removing stm32f7xx_hal_tim.o(i.HAL_TIM_OnePulse_MspDeInit), (2 bytes).
    Removing stm32f7xx_hal_tim.o(i.HAL_TIM_OnePulse_MspInit), (2 bytes).
    Removing stm32f7xx_hal_tim.o(i.HAL_TIM_OnePulse_Start), (60 bytes).
    Removing stm32f7xx_hal_tim.o(i.HAL_TIM_OnePulse_Start_IT), (80 bytes).
    Removing stm32f7xx_hal_tim.o(i.HAL_TIM_OnePulse_Stop), (100 bytes).
    Removing stm32f7xx_hal_tim.o(i.HAL_TIM_OnePulse_Stop_IT), (120 bytes).
    Removing stm32f7xx_hal_tim.o(i.HAL_TIM_PWM_ConfigChannel), (208 bytes).
    Removing stm32f7xx_hal_tim.o(i.HAL_TIM_PWM_DeInit), (56 bytes).
    Removing stm32f7xx_hal_tim.o(i.HAL_TIM_PWM_GetState), (6 bytes).
    Removing stm32f7xx_hal_tim.o(i.HAL_TIM_PWM_Init), (54 bytes).
    Removing stm32f7xx_hal_tim.o(i.HAL_TIM_PWM_MspDeInit), (2 bytes).
    Removing stm32f7xx_hal_tim.o(i.HAL_TIM_PWM_MspInit), (2 bytes).
    Removing stm32f7xx_hal_tim.o(i.HAL_TIM_PWM_PulseFinishedCallback), (2 bytes).
    Removing stm32f7xx_hal_tim.o(i.HAL_TIM_PWM_Start), (56 bytes).
    Removing stm32f7xx_hal_tim.o(i.HAL_TIM_PWM_Start_DMA), (240 bytes).
    Removing stm32f7xx_hal_tim.o(i.HAL_TIM_PWM_Start_IT), (108 bytes).
    Removing stm32f7xx_hal_tim.o(i.HAL_TIM_PWM_Stop), (92 bytes).
    Removing stm32f7xx_hal_tim.o(i.HAL_TIM_PWM_Stop_DMA), (144 bytes).
    Removing stm32f7xx_hal_tim.o(i.HAL_TIM_PWM_Stop_IT), (136 bytes).
    Removing stm32f7xx_hal_tim.o(i.HAL_TIM_PeriodElapsedCallback), (2 bytes).
    Removing stm32f7xx_hal_tim.o(i.HAL_TIM_ReadCapturedValue), (68 bytes).
    Removing stm32f7xx_hal_tim.o(i.HAL_TIM_SlaveConfigSynchronization), (168 bytes).
    Removing stm32f7xx_hal_tim.o(i.HAL_TIM_SlaveConfigSynchronization_IT), (68 bytes).
    Removing stm32f7xx_hal_tim.o(i.HAL_TIM_TriggerCallback), (2 bytes).
    Removing stm32f7xx_hal_tim.o(i.TIM_Base_SetConfig), (196 bytes).
    Removing stm32f7xx_hal_tim.o(i.TIM_CCxChannelCmd), (22 bytes).
    Removing stm32f7xx_hal_tim.o(i.TIM_DMACaptureCplt), (62 bytes).
    Removing stm32f7xx_hal_tim.o(i.TIM_DMADelayPulseCplt), (62 bytes).
    Removing stm32f7xx_hal_tim.o(i.TIM_DMAError), (16 bytes).
    Removing stm32f7xx_hal_tim.o(i.TIM_DMAPeriodElapsedCplt), (16 bytes).
    Removing stm32f7xx_hal_tim.o(i.TIM_DMATriggerCplt), (16 bytes).
    Removing stm32f7xx_hal_tim.o(i.TIM_ETR_SetConfig), (18 bytes).
    Removing stm32f7xx_hal_tim.o(i.TIM_ITRx_SetConfig), (16 bytes).
    Removing stm32f7xx_hal_tim.o(i.TIM_OC1_SetConfig), (104 bytes).
    Removing stm32f7xx_hal_tim.o(i.TIM_OC2_SetConfig), (108 bytes).
    Removing stm32f7xx_hal_tim.o(i.TIM_OC3_SetConfig), (108 bytes).
    Removing stm32f7xx_hal_tim.o(i.TIM_OC4_SetConfig), (88 bytes).
    Removing stm32f7xx_hal_tim.o(i.TIM_SlaveTimer_SetConfig), (128 bytes).
    Removing stm32f7xx_hal_tim.o(i.TIM_TI1_ConfigInputStage), (34 bytes).
    Removing stm32f7xx_hal_tim.o(i.TIM_TI1_SetConfig), (128 bytes).
    Removing stm32f7xx_hal_tim.o(i.TIM_TI2_ConfigInputStage), (36 bytes).
    Removing stm32f7xx_hal_tim.o(i.TIM_TI2_SetConfig), (54 bytes).
    Removing stm32f7xx_hal_tim_ex.o(.rev16_text), (4 bytes).
    Removing stm32f7xx_hal_tim_ex.o(.revsh_text), (4 bytes).
    Removing stm32f7xx_hal_tim_ex.o(.rrx_text), (6 bytes).
    Removing stm32f7xx_hal_tim_ex.o(i.HAL_TIMEx_BreakCallback), (2 bytes).
    Removing stm32f7xx_hal_tim_ex.o(i.HAL_TIMEx_CommutationCallback), (2 bytes).
    Removing stm32f7xx_hal_tim_ex.o(i.HAL_TIMEx_ConfigBreakDeadTime), (98 bytes).
    Removing stm32f7xx_hal_tim_ex.o(i.HAL_TIMEx_ConfigBreakInput), (100 bytes).
    Removing stm32f7xx_hal_tim_ex.o(i.HAL_TIMEx_ConfigCommutationEvent), (92 bytes).
    Removing stm32f7xx_hal_tim_ex.o(i.HAL_TIMEx_ConfigCommutationEvent_DMA), (124 bytes).
    Removing stm32f7xx_hal_tim_ex.o(i.HAL_TIMEx_ConfigCommutationEvent_IT), (102 bytes).
    Removing stm32f7xx_hal_tim_ex.o(i.HAL_TIMEx_GroupChannel5), (58 bytes).
    Removing stm32f7xx_hal_tim_ex.o(i.HAL_TIMEx_HallSensor_DeInit), (56 bytes).
    Removing stm32f7xx_hal_tim_ex.o(i.HAL_TIMEx_HallSensor_GetState), (6 bytes).
    Removing stm32f7xx_hal_tim_ex.o(i.HAL_TIMEx_HallSensor_Init), (180 bytes).
    Removing stm32f7xx_hal_tim_ex.o(i.HAL_TIMEx_HallSensor_MspDeInit), (2 bytes).
    Removing stm32f7xx_hal_tim_ex.o(i.HAL_TIMEx_HallSensor_MspInit), (2 bytes).
    Removing stm32f7xx_hal_tim_ex.o(i.HAL_TIMEx_HallSensor_Start), (28 bytes).
    Removing stm32f7xx_hal_tim_ex.o(i.HAL_TIMEx_HallSensor_Start_DMA), (104 bytes).
    Removing stm32f7xx_hal_tim_ex.o(i.HAL_TIMEx_HallSensor_Start_IT), (38 bytes).
    Removing stm32f7xx_hal_tim_ex.o(i.HAL_TIMEx_HallSensor_Stop), (46 bytes).
    Removing stm32f7xx_hal_tim_ex.o(i.HAL_TIMEx_HallSensor_Stop_DMA), (56 bytes).
    Removing stm32f7xx_hal_tim_ex.o(i.HAL_TIMEx_HallSensor_Stop_IT), (56 bytes).
    Removing stm32f7xx_hal_tim_ex.o(i.HAL_TIMEx_MasterConfigSynchronization), (88 bytes).
    Removing stm32f7xx_hal_tim_ex.o(i.HAL_TIMEx_OCN_Start), (36 bytes).
    Removing stm32f7xx_hal_tim_ex.o(i.HAL_TIMEx_OCN_Start_DMA), (220 bytes).
    Removing stm32f7xx_hal_tim_ex.o(i.HAL_TIMEx_OCN_Start_IT), (96 bytes).
    Removing stm32f7xx_hal_tim_ex.o(i.HAL_TIMEx_OCN_Stop), (66 bytes).
    Removing stm32f7xx_hal_tim_ex.o(i.HAL_TIMEx_OCN_Stop_DMA), (122 bytes).
    Removing stm32f7xx_hal_tim_ex.o(i.HAL_TIMEx_OCN_Stop_IT), (134 bytes).
    Removing stm32f7xx_hal_tim_ex.o(i.HAL_TIMEx_OnePulseN_Start), (26 bytes).
    Removing stm32f7xx_hal_tim_ex.o(i.HAL_TIMEx_OnePulseN_Start_IT), (46 bytes).
    Removing stm32f7xx_hal_tim_ex.o(i.HAL_TIMEx_OnePulseN_Stop), (66 bytes).
    Removing stm32f7xx_hal_tim_ex.o(i.HAL_TIMEx_OnePulseN_Stop_IT), (86 bytes).
    Removing stm32f7xx_hal_tim_ex.o(i.HAL_TIMEx_PWMN_Start), (36 bytes).
    Removing stm32f7xx_hal_tim_ex.o(i.HAL_TIMEx_PWMN_Start_DMA), (220 bytes).
    Removing stm32f7xx_hal_tim_ex.o(i.HAL_TIMEx_PWMN_Start_IT), (96 bytes).
    Removing stm32f7xx_hal_tim_ex.o(i.HAL_TIMEx_PWMN_Stop), (66 bytes).
    Removing stm32f7xx_hal_tim_ex.o(i.HAL_TIMEx_PWMN_Stop_DMA), (122 bytes).
    Removing stm32f7xx_hal_tim_ex.o(i.HAL_TIMEx_PWMN_Stop_IT), (134 bytes).
    Removing stm32f7xx_hal_tim_ex.o(i.HAL_TIMEx_RemapConfig), (34 bytes).
    Removing stm32f7xx_hal_tim_ex.o(i.HAL_TIM_ConfigOCrefClear), (258 bytes).
    Removing stm32f7xx_hal_tim_ex.o(i.HAL_TIM_OC_ConfigChannel), (114 bytes).
    Removing stm32f7xx_hal_tim_ex.o(i.HAL_TIM_PWM_ConfigChannel), (296 bytes).
    Removing stm32f7xx_hal_tim_ex.o(i.TIMEx_DMACommutationCplt), (16 bytes).
    Removing stm32f7xx_hal_tim_ex.o(i.TIM_CCxNChannelCmd), (22 bytes).
    Removing stm32f7xx_hal_tim_ex.o(i.TIM_OC5_SetConfig), (88 bytes).
    Removing stm32f7xx_hal_tim_ex.o(i.TIM_OC6_SetConfig), (88 bytes).
    Removing stm32f7xx_hal_uart.o(.rev16_text), (4 bytes).
    Removing stm32f7xx_hal_uart.o(.revsh_text), (4 bytes).
    Removing stm32f7xx_hal_uart.o(.rrx_text), (6 bytes).
    Removing stm32f7xx_hal_uart.o(i.HAL_HalfDuplex_EnableReceiver), (62 bytes).
    Removing stm32f7xx_hal_uart.o(i.HAL_HalfDuplex_EnableTransmitter), (62 bytes).
    Removing stm32f7xx_hal_uart.o(i.HAL_HalfDuplex_Init), (116 bytes).
    Removing stm32f7xx_hal_uart.o(i.HAL_LIN_Init), (130 bytes).
    Removing stm32f7xx_hal_uart.o(i.HAL_LIN_SendBreak), (50 bytes).
    Removing stm32f7xx_hal_uart.o(i.HAL_MultiProcessorEx_AddressLength_Set), (48 bytes).
    Removing stm32f7xx_hal_uart.o(i.HAL_MultiProcessor_DisableMuteMode), (44 bytes).
    Removing stm32f7xx_hal_uart.o(i.HAL_MultiProcessor_EnableMuteMode), (44 bytes).
    Removing stm32f7xx_hal_uart.o(i.HAL_MultiProcessor_EnterMuteMode), (12 bytes).
    Removing stm32f7xx_hal_uart.o(i.HAL_MultiProcessor_Init), (138 bytes).
    Removing stm32f7xx_hal_uart.o(i.HAL_RS485Ex_Init), (140 bytes).
    Removing stm32f7xx_hal_uart.o(i.HAL_UART_DMAPause), (98 bytes).
    Removing stm32f7xx_hal_uart.o(i.HAL_UART_DMAResume), (102 bytes).
    Removing stm32f7xx_hal_uart.o(i.HAL_UART_DMAStop), (84 bytes).
    Removing stm32f7xx_hal_uart.o(i.HAL_UART_DeInit), (64 bytes).
    Removing stm32f7xx_hal_uart.o(i.HAL_UART_GetError), (4 bytes).
    Removing stm32f7xx_hal_uart.o(i.HAL_UART_MspDeInit), (2 bytes).
    Removing stm32f7xx_hal_uart.o(i.HAL_UART_MspInit), (2 bytes).
    Removing stm32f7xx_hal_uart.o(i.HAL_UART_Receive), (230 bytes).
    Removing stm32f7xx_hal_uart.o(i.HAL_UART_Receive_DMA), (148 bytes).
    Removing stm32f7xx_hal_uart.o(i.HAL_UART_RxCpltCallback), (2 bytes).
    Removing stm32f7xx_hal_uart.o(i.HAL_UART_RxHalfCpltCallback), (2 bytes).
    Removing stm32f7xx_hal_uart.o(i.HAL_UART_Transmit), (182 bytes).
    Removing stm32f7xx_hal_uart.o(i.HAL_UART_Transmit_DMA), (140 bytes).
    Removing stm32f7xx_hal_uart.o(i.HAL_UART_Transmit_IT), (66 bytes).
    Removing stm32f7xx_hal_uart.o(i.HAL_UART_TxHalfCpltCallback), (2 bytes).
    Removing stm32f7xx_hal_uart.o(i.UART_DMAError), (74 bytes).
    Removing stm32f7xx_hal_uart.o(i.UART_DMAReceiveCplt), (60 bytes).
    Removing stm32f7xx_hal_uart.o(i.UART_DMARxHalfCplt), (10 bytes).
    Removing stm32f7xx_hal_uart.o(i.UART_DMATransmitCplt), (46 bytes).
    Removing stm32f7xx_hal_uart.o(i.UART_DMATxHalfCplt), (10 bytes).
    Removing stm32f7xx_hal_uart.o(i.UART_EndTxTransfer), (18 bytes).
    Removing stm32f7xx_hal_usart.o(.rev16_text), (4 bytes).
    Removing stm32f7xx_hal_usart.o(.revsh_text), (4 bytes).
    Removing stm32f7xx_hal_usart.o(.rrx_text), (6 bytes).
    Removing stm32f7xx_hal_usart.o(i.HAL_USART_DMAPause), (98 bytes).
    Removing stm32f7xx_hal_usart.o(i.HAL_USART_DMAResume), (110 bytes).
    Removing stm32f7xx_hal_usart.o(i.HAL_USART_DMAStop), (88 bytes).
    Removing stm32f7xx_hal_usart.o(i.HAL_USART_DeInit), (50 bytes).
    Removing stm32f7xx_hal_usart.o(i.HAL_USART_ErrorCallback), (2 bytes).
    Removing stm32f7xx_hal_usart.o(i.HAL_USART_GetError), (4 bytes).
    Removing stm32f7xx_hal_usart.o(i.HAL_USART_GetState), (6 bytes).
    Removing stm32f7xx_hal_usart.o(i.HAL_USART_IRQHandler), (400 bytes).
    Removing stm32f7xx_hal_usart.o(i.HAL_USART_Init), (96 bytes).
    Removing stm32f7xx_hal_usart.o(i.HAL_USART_MspDeInit), (2 bytes).
    Removing stm32f7xx_hal_usart.o(i.HAL_USART_MspInit), (2 bytes).
    Removing stm32f7xx_hal_usart.o(i.HAL_USART_Receive), (238 bytes).
    Removing stm32f7xx_hal_usart.o(i.HAL_USART_Receive_DMA), (212 bytes).
    Removing stm32f7xx_hal_usart.o(i.HAL_USART_Receive_IT), (164 bytes).
    Removing stm32f7xx_hal_usart.o(i.HAL_USART_RxCpltCallback), (2 bytes).
    Removing stm32f7xx_hal_usart.o(i.HAL_USART_RxHalfCpltCallback), (2 bytes).
    Removing stm32f7xx_hal_usart.o(i.HAL_USART_Transmit), (170 bytes).
    Removing stm32f7xx_hal_usart.o(i.HAL_USART_TransmitReceive), (278 bytes).
    Removing stm32f7xx_hal_usart.o(i.HAL_USART_TransmitReceive_DMA), (228 bytes).
    Removing stm32f7xx_hal_usart.o(i.HAL_USART_TransmitReceive_IT), (162 bytes).
    Removing stm32f7xx_hal_usart.o(i.HAL_USART_Transmit_DMA), (148 bytes).
    Removing stm32f7xx_hal_usart.o(i.HAL_USART_Transmit_IT), (62 bytes).
    Removing stm32f7xx_hal_usart.o(i.HAL_USART_TxCpltCallback), (2 bytes).
    Removing stm32f7xx_hal_usart.o(i.HAL_USART_TxHalfCpltCallback), (2 bytes).
    Removing stm32f7xx_hal_usart.o(i.HAL_USART_TxRxCpltCallback), (2 bytes).
    Removing stm32f7xx_hal_usart.o(i.USART_CheckIdleState), (98 bytes).
    Removing stm32f7xx_hal_usart.o(i.USART_DMAAbortOnError), (16 bytes).
    Removing stm32f7xx_hal_usart.o(i.USART_DMAError), (76 bytes).
    Removing stm32f7xx_hal_usart.o(i.USART_DMAReceiveCplt), (106 bytes).
    Removing stm32f7xx_hal_usart.o(i.USART_DMARxHalfCplt), (10 bytes).
    Removing stm32f7xx_hal_usart.o(i.USART_DMATransmitCplt), (60 bytes).
    Removing stm32f7xx_hal_usart.o(i.USART_DMATxHalfCplt), (10 bytes).
    Removing stm32f7xx_hal_usart.o(i.USART_EndRxTransfer), (28 bytes).
    Removing stm32f7xx_hal_usart.o(i.USART_EndTxTransfer), (18 bytes).
    Removing stm32f7xx_hal_usart.o(i.USART_Receive_IT), (124 bytes).
    Removing stm32f7xx_hal_usart.o(i.USART_SetConfig), (296 bytes).
    Removing stm32f7xx_hal_usart.o(i.USART_TransmitReceive_IT), (206 bytes).
    Removing stm32f7xx_hal_usart.o(i.USART_WaitOnFlagUntilTimeout), (116 bytes).
    Removing stm32f7xx_hal_wwdg.o(.rev16_text), (4 bytes).
    Removing stm32f7xx_hal_wwdg.o(.revsh_text), (4 bytes).
    Removing stm32f7xx_hal_wwdg.o(.rrx_text), (6 bytes).
    Removing stm32f7xx_hal_wwdg.o(i.HAL_WWDG_EarlyWakeupCallback), (2 bytes).
    Removing stm32f7xx_hal_wwdg.o(i.HAL_WWDG_IRQHandler), (30 bytes).
    Removing stm32f7xx_hal_wwdg.o(i.HAL_WWDG_Init), (40 bytes).
    Removing stm32f7xx_hal_wwdg.o(i.HAL_WWDG_MspInit), (2 bytes).
    Removing stm32f7xx_hal_wwdg.o(i.HAL_WWDG_Refresh), (10 bytes).
    Removing stm32f7xx_ll_fmc.o(.rev16_text), (4 bytes).
    Removing stm32f7xx_ll_fmc.o(.revsh_text), (4 bytes).
    Removing stm32f7xx_ll_fmc.o(.rrx_text), (6 bytes).
    Removing stm32f7xx_ll_fmc.o(i.FMC_NAND_AttributeSpace_Timing_Init), (30 bytes).
    Removing stm32f7xx_ll_fmc.o(i.FMC_NAND_CommonSpace_Timing_Init), (30 bytes).
    Removing stm32f7xx_ll_fmc.o(i.FMC_NAND_DeInit), (30 bytes).
    Removing stm32f7xx_ll_fmc.o(i.FMC_NAND_ECC_Disable), (12 bytes).
    Removing stm32f7xx_ll_fmc.o(i.FMC_NAND_ECC_Enable), (12 bytes).
    Removing stm32f7xx_ll_fmc.o(i.FMC_NAND_GetECC), (56 bytes).
    Removing stm32f7xx_ll_fmc.o(i.FMC_NAND_Init), (52 bytes).
    Removing stm32f7xx_ll_fmc.o(i.FMC_NORSRAM_DeInit), (50 bytes).
    Removing stm32f7xx_ll_fmc.o(i.FMC_NORSRAM_Extended_Timing_Init), (64 bytes).
    Removing stm32f7xx_ll_fmc.o(i.FMC_NORSRAM_Init), (156 bytes).
    Removing stm32f7xx_ll_fmc.o(i.FMC_NORSRAM_Timing_Init), (100 bytes).
    Removing stm32f7xx_ll_fmc.o(i.FMC_NORSRAM_WriteOperation_Disable), (16 bytes).
    Removing stm32f7xx_ll_fmc.o(i.FMC_NORSRAM_WriteOperation_Enable), (16 bytes).
    Removing stm32f7xx_ll_fmc.o(i.FMC_SDRAM_DeInit), (32 bytes).
    Removing stm32f7xx_ll_fmc.o(i.FMC_SDRAM_GetModeStatus), (18 bytes).
    Removing stm32f7xx_ll_fmc.o(i.FMC_SDRAM_Init), (94 bytes).
    Removing stm32f7xx_ll_fmc.o(i.FMC_SDRAM_ProgramRefreshRate), (12 bytes).
    Removing stm32f7xx_ll_fmc.o(i.FMC_SDRAM_SendCommand), (72 bytes).
    Removing stm32f7xx_ll_fmc.o(i.FMC_SDRAM_SetAutoRefreshNumber), (12 bytes).
    Removing stm32f7xx_ll_fmc.o(i.FMC_SDRAM_Timing_Init), (140 bytes).
    Removing stm32f7xx_ll_fmc.o(i.FMC_SDRAM_WriteProtection_Disable), (16 bytes).
    Removing stm32f7xx_ll_fmc.o(i.FMC_SDRAM_WriteProtection_Enable), (16 bytes).
    Removing stm32f7xx_ll_sdmmc.o(.rev16_text), (4 bytes).
    Removing stm32f7xx_ll_sdmmc.o(.revsh_text), (4 bytes).
    Removing stm32f7xx_ll_sdmmc.o(.rrx_text), (6 bytes).
    Removing stm32f7xx_ll_sdmmc.o(i.SDMMC_DataConfig), (38 bytes).
    Removing stm32f7xx_ll_sdmmc.o(i.SDMMC_GetCommandResponse), (6 bytes).
    Removing stm32f7xx_ll_sdmmc.o(i.SDMMC_GetDataCounter), (4 bytes).
    Removing stm32f7xx_ll_sdmmc.o(i.SDMMC_GetFIFOCount), (6 bytes).
    Removing stm32f7xx_ll_sdmmc.o(i.SDMMC_GetPowerState), (8 bytes).
    Removing stm32f7xx_ll_sdmmc.o(i.SDMMC_GetResponse), (12 bytes).
    Removing stm32f7xx_ll_sdmmc.o(i.SDMMC_Init), (34 bytes).
    Removing stm32f7xx_ll_sdmmc.o(i.SDMMC_PowerState_OFF), (8 bytes).
    Removing stm32f7xx_ll_sdmmc.o(i.SDMMC_PowerState_ON), (8 bytes).
    Removing stm32f7xx_ll_sdmmc.o(i.SDMMC_ReadFIFO), (6 bytes).
    Removing stm32f7xx_ll_sdmmc.o(i.SDMMC_SendCommand), (34 bytes).
    Removing stm32f7xx_ll_sdmmc.o(i.SDMMC_SetSDMMCReadWaitMode), (14 bytes).
    Removing stm32f7xx_ll_sdmmc.o(i.SDMMC_WriteFIFO), (10 bytes).
    Removing stm32f7xx_ll_usb.o(.rev16_text), (4 bytes).
    Removing stm32f7xx_ll_usb.o(.revsh_text), (4 bytes).
    Removing stm32f7xx_ll_usb.o(.rrx_text), (6 bytes).
    Removing stm32f7xx_ll_usb.o(i.USB_ActivateDedicatedEndpoint), (220 bytes).
    Removing stm32f7xx_ll_usb.o(i.USB_ActivateEndpoint), (128 bytes).
    Removing stm32f7xx_ll_usb.o(i.USB_ActivateSetup), (52 bytes).
    Removing stm32f7xx_ll_usb.o(i.USB_ClearInterrupts), (8 bytes).
    Removing stm32f7xx_ll_usb.o(i.USB_CoreInit), (112 bytes).
    Removing stm32f7xx_ll_usb.o(i.USB_CoreReset), (56 bytes).
    Removing stm32f7xx_ll_usb.o(i.USB_DeactivateDedicatedEndpoint), (78 bytes).
    Removing stm32f7xx_ll_usb.o(i.USB_DeactivateEndpoint), (110 bytes).
    Removing stm32f7xx_ll_usb.o(i.USB_DevConnect), (24 bytes).
    Removing stm32f7xx_ll_usb.o(i.USB_DevDisconnect), (24 bytes).
    Removing stm32f7xx_ll_usb.o(i.USB_DevInit), (348 bytes).
    Removing stm32f7xx_ll_usb.o(i.USB_DisableGlobalInt), (12 bytes).
    Removing stm32f7xx_ll_usb.o(i.USB_DoPing), (64 bytes).
    Removing stm32f7xx_ll_usb.o(i.USB_DriveVbus), (44 bytes).
    Removing stm32f7xx_ll_usb.o(i.USB_EP0StartXfer), (320 bytes).
    Removing stm32f7xx_ll_usb.o(i.USB_EP0_OutStart), (62 bytes).
    Removing stm32f7xx_ll_usb.o(i.USB_EPClearStall), (100 bytes).
    Removing stm32f7xx_ll_usb.o(i.USB_EPSetStall), (94 bytes).
    Removing stm32f7xx_ll_usb.o(i.USB_EPStartXfer), (540 bytes).
    Removing stm32f7xx_ll_usb.o(i.USB_EnableGlobalInt), (12 bytes).
    Removing stm32f7xx_ll_usb.o(i.USB_FlushRxFifo), (32 bytes).
    Removing stm32f7xx_ll_usb.o(i.USB_FlushTxFifo), (36 bytes).
    Removing stm32f7xx_ll_usb.o(i.USB_GetCurrentFrame), (8 bytes).
    Removing stm32f7xx_ll_usb.o(i.USB_GetDevSpeed), (62 bytes).
    Removing stm32f7xx_ll_usb.o(i.USB_GetHostSpeed), (14 bytes).
    Removing stm32f7xx_ll_usb.o(i.USB_GetMode), (8 bytes).
    Removing stm32f7xx_ll_usb.o(i.USB_HC_Halt), (376 bytes).
    Removing stm32f7xx_ll_usb.o(i.USB_HC_Init), (230 bytes).
    Removing stm32f7xx_ll_usb.o(i.USB_HC_ReadInterrupt), (12 bytes).
    Removing stm32f7xx_ll_usb.o(i.USB_HC_StartXfer), (392 bytes).
    Removing stm32f7xx_ll_usb.o(i.USB_HostInit), (196 bytes).
    Removing stm32f7xx_ll_usb.o(i.USB_InitFSLSPClkSel), (56 bytes).
    Removing stm32f7xx_ll_usb.o(i.USB_ReadDevAllInEpInterrupt), (14 bytes).
    Removing stm32f7xx_ll_usb.o(i.USB_ReadDevAllOutEpInterrupt), (14 bytes).
    Removing stm32f7xx_ll_usb.o(i.USB_ReadDevInEPInterrupt), (32 bytes).
    Removing stm32f7xx_ll_usb.o(i.USB_ReadDevOutEPInterrupt), (16 bytes).
    Removing stm32f7xx_ll_usb.o(i.USB_ReadInterrupts), (8 bytes).
    Removing stm32f7xx_ll_usb.o(i.USB_ReadPacket), (30 bytes).
    Removing stm32f7xx_ll_usb.o(i.USB_ResetPort), (44 bytes).
    Removing stm32f7xx_ll_usb.o(i.USB_SetCurrentMode), (44 bytes).
    Removing stm32f7xx_ll_usb.o(i.USB_SetDevAddress), (34 bytes).
    Removing stm32f7xx_ll_usb.o(i.USB_SetDevSpeed), (14 bytes).
    Removing stm32f7xx_ll_usb.o(i.USB_StopDevice), (64 bytes).
    Removing stm32f7xx_ll_usb.o(i.USB_StopHost), (178 bytes).
    Removing stm32f7xx_ll_usb.o(i.USB_WritePacket), (44 bytes).
    Removing stm32f7xx_ll_usb.o(.data), (4 bytes).
    Removing main.o(.rev16_text), (4 bytes).
    Removing main.o(.revsh_text), (4 bytes).
    Removing main.o(.rrx_text), (6 bytes).
    Removing stm32f7xx_hal_msp.o(.rev16_text), (4 bytes).
    Removing stm32f7xx_hal_msp.o(.revsh_text), (4 bytes).
    Removing stm32f7xx_hal_msp.o(.rrx_text), (6 bytes).
    Removing stm32f7xx_hal_msp.o(i.HAL_MspDeInit), (2 bytes).
    Removing stm32f7xx_it.o(.rev16_text), (4 bytes).
    Removing stm32f7xx_it.o(.revsh_text), (4 bytes).
    Removing stm32f7xx_it.o(.rrx_text), (6 bytes).
    Removing system_stm32f7xx.o(.rev16_text), (4 bytes).
    Removing system_stm32f7xx.o(.revsh_text), (4 bytes).
    Removing system_stm32f7xx.o(.rrx_text), (6 bytes).
    Removing system_stm32f7xx.o(i.SystemCoreClockUpdate), (132 bytes).
    Removing delay.o(.rev16_text), (4 bytes).
    Removing delay.o(.revsh_text), (4 bytes).
    Removing delay.o(.rrx_text), (6 bytes).
    Removing delay.o(i.delay_ms), (26 bytes).
    Removing delay.o(i.delay_us), (52 bytes).
    Removing sys.o(.rev16_text), (4 bytes).
    Removing sys.o(.revsh_text), (4 bytes).
    Removing sys.o(.rrx_text), (6 bytes).
    Removing sys.o(.emb_text), (16 bytes).
    Removing sys.o(i.Get_DCahceSta), (16 bytes).
    Removing sys.o(i.Get_ICahceSta), (16 bytes).
    Removing usart.o(.rev16_text), (4 bytes).
    Removing usart.o(.revsh_text), (4 bytes).
    Removing usart.o(.rrx_text), (6 bytes).
    Removing usart.o(i._sys_exit), (2 bytes).
    Removing dadd.o(.text), (334 bytes).
    Removing dmul.o(.text), (228 bytes).
    Removing ddiv.o(.text), (222 bytes).
    Removing dfixul.o(.text), (48 bytes).
    Removing cdrcmple.o(.text), (48 bytes).
    Removing depilogue.o(.text), (186 bytes).

1654 unused section(s) (total 125642 bytes) removed from the image.

==============================================================================

Image Symbol Table

    Local Symbols

    Symbol Name                              Value     Ov Type        Size  Object(Section)

    ../clib/microlib/division.c              0x00000000   Number         0  uidiv.o ABSOLUTE
    ../clib/microlib/division.c              0x00000000   Number         0  uldiv.o ABSOLUTE
    ../clib/microlib/init/entry.s            0x00000000   Number         0  entry7b.o ABSOLUTE
    ../clib/microlib/init/entry.s            0x00000000   Number         0  entry9b.o ABSOLUTE
    ../clib/microlib/init/entry.s            0x00000000   Number         0  entry5.o ABSOLUTE
    ../clib/microlib/init/entry.s            0x00000000   Number         0  entry9a.o ABSOLUTE
    ../clib/microlib/init/entry.s            0x00000000   Number         0  entry10a.o ABSOLUTE
    ../clib/microlib/init/entry.s            0x00000000   Number         0  entry8b.o ABSOLUTE
    ../clib/microlib/init/entry.s            0x00000000   Number         0  entry8a.o ABSOLUTE
    ../clib/microlib/init/entry.s            0x00000000   Number         0  entry10b.o ABSOLUTE
    ../clib/microlib/init/entry.s            0x00000000   Number         0  entry7a.o ABSOLUTE
    ../clib/microlib/init/entry.s            0x00000000   Number         0  entry11a.o ABSOLUTE
    ../clib/microlib/init/entry.s            0x00000000   Number         0  entry.o ABSOLUTE
    ../clib/microlib/init/entry.s            0x00000000   Number         0  entry2.o ABSOLUTE
    ../clib/microlib/init/entry.s            0x00000000   Number         0  entry11b.o ABSOLUTE
    ../clib/microlib/longlong.c              0x00000000   Number         0  llushr.o ABSOLUTE
    ../clib/microlib/longlong.c              0x00000000   Number         0  llshl.o ABSOLUTE
    ../clib/microlib/longlong.c              0x00000000   Number         0  llsshr.o ABSOLUTE
    ../clib/microlib/printf/printf.c         0x00000000   Number         0  printf0.o ABSOLUTE
    ../clib/microlib/printf/printf.c         0x00000000   Number         0  printf3.o ABSOLUTE
    ../clib/microlib/printf/printf.c         0x00000000   Number         0  printfa.o ABSOLUTE
    ../clib/microlib/printf/printf.c         0x00000000   Number         0  printf2.o ABSOLUTE
    ../clib/microlib/printf/printf.c         0x00000000   Number         0  printf8.o ABSOLUTE
    ../clib/microlib/printf/printf.c         0x00000000   Number         0  printf7.o ABSOLUTE
    ../clib/microlib/printf/printf.c         0x00000000   Number         0  printf6.o ABSOLUTE
    ../clib/microlib/printf/printf.c         0x00000000   Number         0  printfb.o ABSOLUTE
    ../clib/microlib/printf/printf.c         0x00000000   Number         0  printf5.o ABSOLUTE
    ../clib/microlib/printf/printf.c         0x00000000   Number         0  printf4.o ABSOLUTE
    ../clib/microlib/printf/printf.c         0x00000000   Number         0  printf1.o ABSOLUTE
    ../clib/microlib/string/memcpy.c         0x00000000   Number         0  memcpya.o ABSOLUTE
    ../clib/microlib/string/memcpy.c         0x00000000   Number         0  memcpyb.o ABSOLUTE
    ../clib/microlib/string/memset.c         0x00000000   Number         0  memseta.o ABSOLUTE
    ../clib/microlib/stubs.s                 0x00000000   Number         0  iusefp.o ABSOLUTE
    ../clib/microlib/stubs.s                 0x00000000   Number         0  useno.o ABSOLUTE
    ../fplib/microlib/fpadd.c                0x00000000   Number         0  dadd.o ABSOLUTE
    ../fplib/microlib/fpdiv.c                0x00000000   Number         0  ddiv.o ABSOLUTE
    ../fplib/microlib/fpepilogue.c           0x00000000   Number         0  depilogue.o ABSOLUTE
    ../fplib/microlib/fpfix.c                0x00000000   Number         0  dfixul.o ABSOLUTE
    ../fplib/microlib/fpmul.c                0x00000000   Number         0  dmul.o ABSOLUTE
    ..\Core\startup_stm32f767xx.s            0x00000000   Number         0  startup_stm32f767xx.o ABSOLUTE
    ..\Driver\Src\stm32f7xx_hal.c            0x00000000   Number         0  stm32f7xx_hal.o ABSOLUTE
    ..\Driver\Src\stm32f7xx_hal_adc.c        0x00000000   Number         0  stm32f7xx_hal_adc.o ABSOLUTE
    ..\Driver\Src\stm32f7xx_hal_adc_ex.c     0x00000000   Number         0  stm32f7xx_hal_adc_ex.o ABSOLUTE
    ..\Driver\Src\stm32f7xx_hal_can.c        0x00000000   Number         0  stm32f7xx_hal_can.o ABSOLUTE
    ..\Driver\Src\stm32f7xx_hal_cec.c        0x00000000   Number         0  stm32f7xx_hal_cec.o ABSOLUTE
    ..\Driver\Src\stm32f7xx_hal_cortex.c     0x00000000   Number         0  stm32f7xx_hal_cortex.o ABSOLUTE
    ..\Driver\Src\stm32f7xx_hal_crc.c        0x00000000   Number         0  stm32f7xx_hal_crc.o ABSOLUTE
    ..\Driver\Src\stm32f7xx_hal_crc_ex.c     0x00000000   Number         0  stm32f7xx_hal_crc_ex.o ABSOLUTE
    ..\Driver\Src\stm32f7xx_hal_cryp.c       0x00000000   Number         0  stm32f7xx_hal_cryp.o ABSOLUTE
    ..\Driver\Src\stm32f7xx_hal_cryp_ex.c    0x00000000   Number         0  stm32f7xx_hal_cryp_ex.o ABSOLUTE
    ..\Driver\Src\stm32f7xx_hal_dac.c        0x00000000   Number         0  stm32f7xx_hal_dac.o ABSOLUTE
    ..\Driver\Src\stm32f7xx_hal_dac_ex.c     0x00000000   Number         0  stm32f7xx_hal_dac_ex.o ABSOLUTE
    ..\Driver\Src\stm32f7xx_hal_dcmi.c       0x00000000   Number         0  stm32f7xx_hal_dcmi.o ABSOLUTE
    ..\Driver\Src\stm32f7xx_hal_dcmi_ex.c    0x00000000   Number         0  stm32f7xx_hal_dcmi_ex.o ABSOLUTE
    ..\Driver\Src\stm32f7xx_hal_dfsdm.c      0x00000000   Number         0  stm32f7xx_hal_dfsdm.o ABSOLUTE
    ..\Driver\Src\stm32f7xx_hal_dma.c        0x00000000   Number         0  stm32f7xx_hal_dma.o ABSOLUTE
    ..\Driver\Src\stm32f7xx_hal_dma2d.c      0x00000000   Number         0  stm32f7xx_hal_dma2d.o ABSOLUTE
    ..\Driver\Src\stm32f7xx_hal_dma_ex.c     0x00000000   Number         0  stm32f7xx_hal_dma_ex.o ABSOLUTE
    ..\Driver\Src\stm32f7xx_hal_dsi.c        0x00000000   Number         0  stm32f7xx_hal_dsi.o ABSOLUTE
    ..\Driver\Src\stm32f7xx_hal_eth.c        0x00000000   Number         0  stm32f7xx_hal_eth.o ABSOLUTE
    ..\Driver\Src\stm32f7xx_hal_flash.c      0x00000000   Number         0  stm32f7xx_hal_flash.o ABSOLUTE
    ..\Driver\Src\stm32f7xx_hal_flash_ex.c   0x00000000   Number         0  stm32f7xx_hal_flash_ex.o ABSOLUTE
    ..\Driver\Src\stm32f7xx_hal_gpio.c       0x00000000   Number         0  stm32f7xx_hal_gpio.o ABSOLUTE
    ..\Driver\Src\stm32f7xx_hal_hash.c       0x00000000   Number         0  stm32f7xx_hal_hash.o ABSOLUTE
    ..\Driver\Src\stm32f7xx_hal_hash_ex.c    0x00000000   Number         0  stm32f7xx_hal_hash_ex.o ABSOLUTE
    ..\Driver\Src\stm32f7xx_hal_hcd.c        0x00000000   Number         0  stm32f7xx_hal_hcd.o ABSOLUTE
    ..\Driver\Src\stm32f7xx_hal_i2c.c        0x00000000   Number         0  stm32f7xx_hal_i2c.o ABSOLUTE
    ..\Driver\Src\stm32f7xx_hal_i2c_ex.c     0x00000000   Number         0  stm32f7xx_hal_i2c_ex.o ABSOLUTE
    ..\Driver\Src\stm32f7xx_hal_i2s.c        0x00000000   Number         0  stm32f7xx_hal_i2s.o ABSOLUTE
    ..\Driver\Src\stm32f7xx_hal_irda.c       0x00000000   Number         0  stm32f7xx_hal_irda.o ABSOLUTE
    ..\Driver\Src\stm32f7xx_hal_iwdg.c       0x00000000   Number         0  stm32f7xx_hal_iwdg.o ABSOLUTE
    ..\Driver\Src\stm32f7xx_hal_jpeg.c       0x00000000   Number         0  stm32f7xx_hal_jpeg.o ABSOLUTE
    ..\Driver\Src\stm32f7xx_hal_lptim.c      0x00000000   Number         0  stm32f7xx_hal_lptim.o ABSOLUTE
    ..\Driver\Src\stm32f7xx_hal_ltdc.c       0x00000000   Number         0  stm32f7xx_hal_ltdc.o ABSOLUTE
    ..\Driver\Src\stm32f7xx_hal_ltdc_ex.c    0x00000000   Number         0  stm32f7xx_hal_ltdc_ex.o ABSOLUTE
    ..\Driver\Src\stm32f7xx_hal_mdios.c      0x00000000   Number         0  stm32f7xx_hal_mdios.o ABSOLUTE
    ..\Driver\Src\stm32f7xx_hal_nand.c       0x00000000   Number         0  stm32f7xx_hal_nand.o ABSOLUTE
    ..\Driver\Src\stm32f7xx_hal_nor.c        0x00000000   Number         0  stm32f7xx_hal_nor.o ABSOLUTE
    ..\Driver\Src\stm32f7xx_hal_pcd.c        0x00000000   Number         0  stm32f7xx_hal_pcd.o ABSOLUTE
    ..\Driver\Src\stm32f7xx_hal_pcd_ex.c     0x00000000   Number         0  stm32f7xx_hal_pcd_ex.o ABSOLUTE
    ..\Driver\Src\stm32f7xx_hal_pwr.c        0x00000000   Number         0  stm32f7xx_hal_pwr.o ABSOLUTE
    ..\Driver\Src\stm32f7xx_hal_pwr_ex.c     0x00000000   Number         0  stm32f7xx_hal_pwr_ex.o ABSOLUTE
    ..\Driver\Src\stm32f7xx_hal_qspi.c       0x00000000   Number         0  stm32f7xx_hal_qspi.o ABSOLUTE
    ..\Driver\Src\stm32f7xx_hal_rcc.c        0x00000000   Number         0  stm32f7xx_hal_rcc.o ABSOLUTE
    ..\Driver\Src\stm32f7xx_hal_rcc_ex.c     0x00000000   Number         0  stm32f7xx_hal_rcc_ex.o ABSOLUTE
    ..\Driver\Src\stm32f7xx_hal_rng.c        0x00000000   Number         0  stm32f7xx_hal_rng.o ABSOLUTE
    ..\Driver\Src\stm32f7xx_hal_rtc.c        0x00000000   Number         0  stm32f7xx_hal_rtc.o ABSOLUTE
    ..\Driver\Src\stm32f7xx_hal_rtc_ex.c     0x00000000   Number         0  stm32f7xx_hal_rtc_ex.o ABSOLUTE
    ..\Driver\Src\stm32f7xx_hal_sai.c        0x00000000   Number         0  stm32f7xx_hal_sai.o ABSOLUTE
    ..\Driver\Src\stm32f7xx_hal_sai_ex.c     0x00000000   Number         0  stm32f7xx_hal_sai_ex.o ABSOLUTE
    ..\Driver\Src\stm32f7xx_hal_sd.c         0x00000000   Number         0  stm32f7xx_hal_sd.o ABSOLUTE
    ..\Driver\Src\stm32f7xx_hal_sdram.c      0x00000000   Number         0  stm32f7xx_hal_sdram.o ABSOLUTE
    ..\Driver\Src\stm32f7xx_hal_smartcard.c  0x00000000   Number         0  stm32f7xx_hal_smartcard.o ABSOLUTE
    ..\Driver\Src\stm32f7xx_hal_smartcard_ex.c 0x00000000   Number         0  stm32f7xx_hal_smartcard_ex.o ABSOLUTE
    ..\Driver\Src\stm32f7xx_hal_spdifrx.c    0x00000000   Number         0  stm32f7xx_hal_spdifrx.o ABSOLUTE
    ..\Driver\Src\stm32f7xx_hal_spi.c        0x00000000   Number         0  stm32f7xx_hal_spi.o ABSOLUTE
    ..\Driver\Src\stm32f7xx_hal_sram.c       0x00000000   Number         0  stm32f7xx_hal_sram.o ABSOLUTE
    ..\Driver\Src\stm32f7xx_hal_tim.c        0x00000000   Number         0  stm32f7xx_hal_tim.o ABSOLUTE
    ..\Driver\Src\stm32f7xx_hal_tim_ex.c     0x00000000   Number         0  stm32f7xx_hal_tim_ex.o ABSOLUTE
    ..\Driver\Src\stm32f7xx_hal_uart.c       0x00000000   Number         0  stm32f7xx_hal_uart.o ABSOLUTE
    ..\Driver\Src\stm32f7xx_hal_usart.c      0x00000000   Number         0  stm32f7xx_hal_usart.o ABSOLUTE
    ..\Driver\Src\stm32f7xx_hal_wwdg.c       0x00000000   Number         0  stm32f7xx_hal_wwdg.o ABSOLUTE
    ..\Driver\Src\stm32f7xx_ll_fmc.c         0x00000000   Number         0  stm32f7xx_ll_fmc.o ABSOLUTE
    ..\Driver\Src\stm32f7xx_ll_sdmmc.c       0x00000000   Number         0  stm32f7xx_ll_sdmmc.o ABSOLUTE
    ..\Driver\Src\stm32f7xx_ll_usb.c         0x00000000   Number         0  stm32f7xx_ll_usb.o ABSOLUTE
    ..\SYSTEM\delay\delay.c                  0x00000000   Number         0  delay.o ABSOLUTE
    ..\SYSTEM\sys\sys.c                      0x00000000   Number         0  sys.o ABSOLUTE
    ..\SYSTEM\usart\usart.c                  0x00000000   Number         0  usart.o ABSOLUTE
    ..\User\main.c                           0x00000000   Number         0  main.o ABSOLUTE
    ..\User\stm32f7xx_hal_msp.c              0x00000000   Number         0  stm32f7xx_hal_msp.o ABSOLUTE
    ..\User\stm32f7xx_it.c                   0x00000000   Number         0  stm32f7xx_it.o ABSOLUTE
    ..\User\system_stm32f7xx.c               0x00000000   Number         0  system_stm32f7xx.o ABSOLUTE
    ..\\Driver\\Src\\stm32f7xx_hal.c         0x00000000   Number         0  stm32f7xx_hal.o ABSOLUTE
    ..\\Driver\\Src\\stm32f7xx_hal_adc.c     0x00000000   Number         0  stm32f7xx_hal_adc.o ABSOLUTE
    ..\\Driver\\Src\\stm32f7xx_hal_adc_ex.c  0x00000000   Number         0  stm32f7xx_hal_adc_ex.o ABSOLUTE
    ..\\Driver\\Src\\stm32f7xx_hal_can.c     0x00000000   Number         0  stm32f7xx_hal_can.o ABSOLUTE
    ..\\Driver\\Src\\stm32f7xx_hal_cec.c     0x00000000   Number         0  stm32f7xx_hal_cec.o ABSOLUTE
    ..\\Driver\\Src\\stm32f7xx_hal_cortex.c  0x00000000   Number         0  stm32f7xx_hal_cortex.o ABSOLUTE
    ..\\Driver\\Src\\stm32f7xx_hal_crc.c     0x00000000   Number         0  stm32f7xx_hal_crc.o ABSOLUTE
    ..\\Driver\\Src\\stm32f7xx_hal_crc_ex.c  0x00000000   Number         0  stm32f7xx_hal_crc_ex.o ABSOLUTE
    ..\\Driver\\Src\\stm32f7xx_hal_cryp.c    0x00000000   Number         0  stm32f7xx_hal_cryp.o ABSOLUTE
    ..\\Driver\\Src\\stm32f7xx_hal_cryp_ex.c 0x00000000   Number         0  stm32f7xx_hal_cryp_ex.o ABSOLUTE
    ..\\Driver\\Src\\stm32f7xx_hal_dac.c     0x00000000   Number         0  stm32f7xx_hal_dac.o ABSOLUTE
    ..\\Driver\\Src\\stm32f7xx_hal_dac_ex.c  0x00000000   Number         0  stm32f7xx_hal_dac_ex.o ABSOLUTE
    ..\\Driver\\Src\\stm32f7xx_hal_dcmi.c    0x00000000   Number         0  stm32f7xx_hal_dcmi.o ABSOLUTE
    ..\\Driver\\Src\\stm32f7xx_hal_dcmi_ex.c 0x00000000   Number         0  stm32f7xx_hal_dcmi_ex.o ABSOLUTE
    ..\\Driver\\Src\\stm32f7xx_hal_dfsdm.c   0x00000000   Number         0  stm32f7xx_hal_dfsdm.o ABSOLUTE
    ..\\Driver\\Src\\stm32f7xx_hal_dma.c     0x00000000   Number         0  stm32f7xx_hal_dma.o ABSOLUTE
    ..\\Driver\\Src\\stm32f7xx_hal_dma2d.c   0x00000000   Number         0  stm32f7xx_hal_dma2d.o ABSOLUTE
    ..\\Driver\\Src\\stm32f7xx_hal_dma_ex.c  0x00000000   Number         0  stm32f7xx_hal_dma_ex.o ABSOLUTE
    ..\\Driver\\Src\\stm32f7xx_hal_dsi.c     0x00000000   Number         0  stm32f7xx_hal_dsi.o ABSOLUTE
    ..\\Driver\\Src\\stm32f7xx_hal_eth.c     0x00000000   Number         0  stm32f7xx_hal_eth.o ABSOLUTE
    ..\\Driver\\Src\\stm32f7xx_hal_flash.c   0x00000000   Number         0  stm32f7xx_hal_flash.o ABSOLUTE
    ..\\Driver\\Src\\stm32f7xx_hal_flash_ex.c 0x00000000   Number         0  stm32f7xx_hal_flash_ex.o ABSOLUTE
    ..\\Driver\\Src\\stm32f7xx_hal_gpio.c    0x00000000   Number         0  stm32f7xx_hal_gpio.o ABSOLUTE
    ..\\Driver\\Src\\stm32f7xx_hal_hash.c    0x00000000   Number         0  stm32f7xx_hal_hash.o ABSOLUTE
    ..\\Driver\\Src\\stm32f7xx_hal_hash_ex.c 0x00000000   Number         0  stm32f7xx_hal_hash_ex.o ABSOLUTE
    ..\\Driver\\Src\\stm32f7xx_hal_hcd.c     0x00000000   Number         0  stm32f7xx_hal_hcd.o ABSOLUTE
    ..\\Driver\\Src\\stm32f7xx_hal_i2c.c     0x00000000   Number         0  stm32f7xx_hal_i2c.o ABSOLUTE
    ..\\Driver\\Src\\stm32f7xx_hal_i2c_ex.c  0x00000000   Number         0  stm32f7xx_hal_i2c_ex.o ABSOLUTE
    ..\\Driver\\Src\\stm32f7xx_hal_i2s.c     0x00000000   Number         0  stm32f7xx_hal_i2s.o ABSOLUTE
    ..\\Driver\\Src\\stm32f7xx_hal_irda.c    0x00000000   Number         0  stm32f7xx_hal_irda.o ABSOLUTE
    ..\\Driver\\Src\\stm32f7xx_hal_iwdg.c    0x00000000   Number         0  stm32f7xx_hal_iwdg.o ABSOLUTE
    ..\\Driver\\Src\\stm32f7xx_hal_jpeg.c    0x00000000   Number         0  stm32f7xx_hal_jpeg.o ABSOLUTE
    ..\\Driver\\Src\\stm32f7xx_hal_lptim.c   0x00000000   Number         0  stm32f7xx_hal_lptim.o ABSOLUTE
    ..\\Driver\\Src\\stm32f7xx_hal_ltdc.c    0x00000000   Number         0  stm32f7xx_hal_ltdc.o ABSOLUTE
    ..\\Driver\\Src\\stm32f7xx_hal_ltdc_ex.c 0x00000000   Number         0  stm32f7xx_hal_ltdc_ex.o ABSOLUTE
    ..\\Driver\\Src\\stm32f7xx_hal_mdios.c   0x00000000   Number         0  stm32f7xx_hal_mdios.o ABSOLUTE
    ..\\Driver\\Src\\stm32f7xx_hal_nand.c    0x00000000   Number         0  stm32f7xx_hal_nand.o ABSOLUTE
    ..\\Driver\\Src\\stm32f7xx_hal_nor.c     0x00000000   Number         0  stm32f7xx_hal_nor.o ABSOLUTE
    ..\\Driver\\Src\\stm32f7xx_hal_pcd.c     0x00000000   Number         0  stm32f7xx_hal_pcd.o ABSOLUTE
    ..\\Driver\\Src\\stm32f7xx_hal_pcd_ex.c  0x00000000   Number         0  stm32f7xx_hal_pcd_ex.o ABSOLUTE
    ..\\Driver\\Src\\stm32f7xx_hal_pwr.c     0x00000000   Number         0  stm32f7xx_hal_pwr.o ABSOLUTE
    ..\\Driver\\Src\\stm32f7xx_hal_pwr_ex.c  0x00000000   Number         0  stm32f7xx_hal_pwr_ex.o ABSOLUTE
    ..\\Driver\\Src\\stm32f7xx_hal_qspi.c    0x00000000   Number         0  stm32f7xx_hal_qspi.o ABSOLUTE
    ..\\Driver\\Src\\stm32f7xx_hal_rcc.c     0x00000000   Number         0  stm32f7xx_hal_rcc.o ABSOLUTE
    ..\\Driver\\Src\\stm32f7xx_hal_rcc_ex.c  0x00000000   Number         0  stm32f7xx_hal_rcc_ex.o ABSOLUTE
    ..\\Driver\\Src\\stm32f7xx_hal_rng.c     0x00000000   Number         0  stm32f7xx_hal_rng.o ABSOLUTE
    ..\\Driver\\Src\\stm32f7xx_hal_rtc.c     0x00000000   Number         0  stm32f7xx_hal_rtc.o ABSOLUTE
    ..\\Driver\\Src\\stm32f7xx_hal_rtc_ex.c  0x00000000   Number         0  stm32f7xx_hal_rtc_ex.o ABSOLUTE
    ..\\Driver\\Src\\stm32f7xx_hal_sai.c     0x00000000   Number         0  stm32f7xx_hal_sai.o ABSOLUTE
    ..\\Driver\\Src\\stm32f7xx_hal_sai_ex.c  0x00000000   Number         0  stm32f7xx_hal_sai_ex.o ABSOLUTE
    ..\\Driver\\Src\\stm32f7xx_hal_sd.c      0x00000000   Number         0  stm32f7xx_hal_sd.o ABSOLUTE
    ..\\Driver\\Src\\stm32f7xx_hal_sdram.c   0x00000000   Number         0  stm32f7xx_hal_sdram.o ABSOLUTE
    ..\\Driver\\Src\\stm32f7xx_hal_smartcard.c 0x00000000   Number         0  stm32f7xx_hal_smartcard.o ABSOLUTE
    ..\\Driver\\Src\\stm32f7xx_hal_smartcard_ex.c 0x00000000   Number         0  stm32f7xx_hal_smartcard_ex.o ABSOLUTE
    ..\\Driver\\Src\\stm32f7xx_hal_spdifrx.c 0x00000000   Number         0  stm32f7xx_hal_spdifrx.o ABSOLUTE
    ..\\Driver\\Src\\stm32f7xx_hal_spi.c     0x00000000   Number         0  stm32f7xx_hal_spi.o ABSOLUTE
    ..\\Driver\\Src\\stm32f7xx_hal_sram.c    0x00000000   Number         0  stm32f7xx_hal_sram.o ABSOLUTE
    ..\\Driver\\Src\\stm32f7xx_hal_tim.c     0x00000000   Number         0  stm32f7xx_hal_tim.o ABSOLUTE
    ..\\Driver\\Src\\stm32f7xx_hal_tim_ex.c  0x00000000   Number         0  stm32f7xx_hal_tim_ex.o ABSOLUTE
    ..\\Driver\\Src\\stm32f7xx_hal_uart.c    0x00000000   Number         0  stm32f7xx_hal_uart.o ABSOLUTE
    ..\\Driver\\Src\\stm32f7xx_hal_usart.c   0x00000000   Number         0  stm32f7xx_hal_usart.o ABSOLUTE
    ..\\Driver\\Src\\stm32f7xx_hal_wwdg.c    0x00000000   Number         0  stm32f7xx_hal_wwdg.o ABSOLUTE
    ..\\Driver\\Src\\stm32f7xx_ll_fmc.c      0x00000000   Number         0  stm32f7xx_ll_fmc.o ABSOLUTE
    ..\\Driver\\Src\\stm32f7xx_ll_sdmmc.c    0x00000000   Number         0  stm32f7xx_ll_sdmmc.o ABSOLUTE
    ..\\Driver\\Src\\stm32f7xx_ll_usb.c      0x00000000   Number         0  stm32f7xx_ll_usb.o ABSOLUTE
    ..\\SYSTEM\\delay\\delay.c               0x00000000   Number         0  delay.o ABSOLUTE
    ..\\SYSTEM\\sys\\sys.c                   0x00000000   Number         0  sys.o ABSOLUTE
    ..\\SYSTEM\\usart\\usart.c               0x00000000   Number         0  usart.o ABSOLUTE
    ..\\User\\main.c                         0x00000000   Number         0  main.o ABSOLUTE
    ..\\User\\stm32f7xx_hal_msp.c            0x00000000   Number         0  stm32f7xx_hal_msp.o ABSOLUTE
    ..\\User\\stm32f7xx_it.c                 0x00000000   Number         0  stm32f7xx_it.o ABSOLUTE
    ..\\User\\system_stm32f7xx.c             0x00000000   Number         0  system_stm32f7xx.o ABSOLUTE
    cdrcmple.s                               0x00000000   Number         0  cdrcmple.o ABSOLUTE
    dc.s                                     0x00000000   Number         0  dc.o ABSOLUTE
    handlers.s                               0x00000000   Number         0  handlers.o ABSOLUTE
    init.s                                   0x00000000   Number         0  init.o ABSOLUTE
    RESET                                    0x08000000   Section      504  startup_stm32f767xx.o(RESET)
    .ARM.Collect$$$$00000000                 0x080001f8   Section        0  entry.o(.ARM.Collect$$$$00000000)
    .ARM.Collect$$$$00000001                 0x080001f8   Section        4  entry2.o(.ARM.Collect$$$$00000001)
    .ARM.Collect$$$$00000004                 0x080001fc   Section        4  entry5.o(.ARM.Collect$$$$00000004)
    .ARM.Collect$$$$00000008                 0x08000200   Section        0  entry7b.o(.ARM.Collect$$$$00000008)
    .ARM.Collect$$$$0000000A                 0x08000200   Section        0  entry8b.o(.ARM.Collect$$$$0000000A)
    .ARM.Collect$$$$0000000B                 0x08000200   Section        8  entry9a.o(.ARM.Collect$$$$0000000B)
    .ARM.Collect$$$$0000000D                 0x08000208   Section        0  entry10a.o(.ARM.Collect$$$$0000000D)
    .ARM.Collect$$$$0000000F                 0x08000208   Section        0  entry11a.o(.ARM.Collect$$$$0000000F)
    .ARM.Collect$$$$00002712                 0x08000208   Section        4  entry2.o(.ARM.Collect$$$$00002712)
    __lit__00000000                          0x08000208   Data           4  entry2.o(.ARM.Collect$$$$00002712)
    .text                                    0x0800020c   Section       36  startup_stm32f767xx.o(.text)
    $v0                                      0x0800020c   Number         0  startup_stm32f767xx.o(.text)
    .text                                    0x08000230   Section       36  init.o(.text)
    i.BusFault_Handler                       0x08000254   Section        0  stm32f7xx_it.o(i.BusFault_Handler)
    i.Cache_Enable                           0x08000258   Section        0  sys.o(i.Cache_Enable)
    i.DebugMon_Handler                       0x080002d8   Section        0  stm32f7xx_it.o(i.DebugMon_Handler)
    i.Delay                                  0x080002da   Section        0  main.o(i.Delay)
    i.HAL_DMA_Abort_IT                       0x080002e6   Section        0  stm32f7xx_hal_dma.o(i.HAL_DMA_Abort_IT)
    i.HAL_GPIO_Init                          0x0800030c   Section        0  stm32f7xx_hal_gpio.o(i.HAL_GPIO_Init)
    i.HAL_GPIO_WritePin                      0x080004e4   Section        0  stm32f7xx_hal_gpio.o(i.HAL_GPIO_WritePin)
    i.HAL_GetTick                            0x080004f0   Section        0  stm32f7xx_hal.o(i.HAL_GetTick)
    i.HAL_IncTick                            0x080004fc   Section        0  stm32f7xx_hal.o(i.HAL_IncTick)
    i.HAL_Init                               0x0800050c   Section        0  stm32f7xx_hal.o(i.HAL_Init)
    i.HAL_InitTick                           0x08000530   Section        0  stm32f7xx_hal.o(i.HAL_InitTick)
    i.HAL_MspInit                            0x08000558   Section        0  stm32f7xx_hal_msp.o(i.HAL_MspInit)
    i.HAL_NVIC_EnableIRQ                     0x0800055a   Section        0  stm32f7xx_hal_cortex.o(i.HAL_NVIC_EnableIRQ)
    i.HAL_NVIC_SetPriority                   0x08000570   Section        0  stm32f7xx_hal_cortex.o(i.HAL_NVIC_SetPriority)
    i.HAL_NVIC_SetPriorityGrouping           0x080005b0   Section        0  stm32f7xx_hal_cortex.o(i.HAL_NVIC_SetPriorityGrouping)
    i.HAL_PWREx_EnableOverDrive              0x080005d4   Section        0  stm32f7xx_hal_pwr_ex.o(i.HAL_PWREx_EnableOverDrive)
    i.HAL_RCC_ClockConfig                    0x08000640   Section        0  stm32f7xx_hal_rcc.o(i.HAL_RCC_ClockConfig)
    i.HAL_RCC_GetPCLK1Freq                   0x080007a4   Section        0  stm32f7xx_hal_rcc.o(i.HAL_RCC_GetPCLK1Freq)
    i.HAL_RCC_GetPCLK2Freq                   0x080007d4   Section        0  stm32f7xx_hal_rcc.o(i.HAL_RCC_GetPCLK2Freq)
    i.HAL_RCC_GetSysClockFreq                0x08000804   Section        0  stm32f7xx_hal_rcc.o(i.HAL_RCC_GetSysClockFreq)
    i.HAL_RCC_OscConfig                      0x08000888   Section        0  stm32f7xx_hal_rcc_ex.o(i.HAL_RCC_OscConfig)
    i.HAL_SYSTICK_CLKSourceConfig            0x08000bc0   Section        0  stm32f7xx_hal_cortex.o(i.HAL_SYSTICK_CLKSourceConfig)
    i.HAL_SYSTICK_Config                     0x08000bd8   Section        0  stm32f7xx_hal_cortex.o(i.HAL_SYSTICK_Config)
    i.HAL_UART_ErrorCallback                 0x08000bfe   Section        0  stm32f7xx_hal_uart.o(i.HAL_UART_ErrorCallback)
    i.HAL_UART_GetState                      0x08000c00   Section        0  stm32f7xx_hal_uart.o(i.HAL_UART_GetState)
    i.HAL_UART_IRQHandler                    0x08000c0c   Section        0  stm32f7xx_hal_uart.o(i.HAL_UART_IRQHandler)
    i.HAL_UART_Init                          0x08000d84   Section        0  stm32f7xx_hal_uart.o(i.HAL_UART_Init)
    i.HAL_UART_MspInit                       0x08000df0   Section        0  usart.o(i.HAL_UART_MspInit)
    i.HAL_UART_Receive_IT                    0x08000e6c   Section        0  stm32f7xx_hal_uart.o(i.HAL_UART_Receive_IT)
    i.HAL_UART_RxCpltCallback                0x08000f04   Section        0  usart.o(i.HAL_UART_RxCpltCallback)
    i.HAL_UART_TxCpltCallback                0x08000f5c   Section        0  stm32f7xx_hal_uart.o(i.HAL_UART_TxCpltCallback)
    i.HardFault_Handler                      0x08000f5e   Section        0  stm32f7xx_it.o(i.HardFault_Handler)
    i.MemManage_Handler                      0x08000f60   Section        0  stm32f7xx_it.o(i.MemManage_Handler)
    i.NMI_Handler                            0x08000f62   Section        0  stm32f7xx_it.o(i.NMI_Handler)
    i.NVIC_SetPriority                       0x08000f64   Section        0  stm32f7xx_hal_cortex.o(i.NVIC_SetPriority)
    NVIC_SetPriority                         0x08000f65   Thumb Code    34  stm32f7xx_hal_cortex.o(i.NVIC_SetPriority)
    i.PendSV_Handler                         0x08000f86   Section        0  stm32f7xx_it.o(i.PendSV_Handler)
    i.SVC_Handler                            0x08000f88   Section        0  stm32f7xx_it.o(i.SVC_Handler)
    i.Stm32_Clock_Init                       0x08000f8c   Section        0  sys.o(i.Stm32_Clock_Init)
    i.SysTick_Handler                        0x08001010   Section        0  stm32f7xx_it.o(i.SysTick_Handler)
    i.SystemInit                             0x08001014   Section        0  system_stm32f7xx.o(i.SystemInit)
    i.UART_AdvFeatureConfig                  0x08001068   Section        0  stm32f7xx_hal_uart.o(i.UART_AdvFeatureConfig)
    i.UART_CheckIdleState                    0x08001130   Section        0  stm32f7xx_hal_uart.o(i.UART_CheckIdleState)
    i.UART_DMAAbortOnError                   0x0800118c   Section        0  stm32f7xx_hal_uart.o(i.UART_DMAAbortOnError)
    UART_DMAAbortOnError                     0x0800118d   Thumb Code    20  stm32f7xx_hal_uart.o(i.UART_DMAAbortOnError)
    i.UART_EndRxTransfer                     0x080011a0   Section        0  stm32f7xx_hal_uart.o(i.UART_EndRxTransfer)
    UART_EndRxTransfer                       0x080011a1   Thumb Code    28  stm32f7xx_hal_uart.o(i.UART_EndRxTransfer)
    i.UART_Receive_IT                        0x080011bc   Section        0  stm32f7xx_hal_uart.o(i.UART_Receive_IT)
    UART_Receive_IT                          0x080011bd   Thumb Code   120  stm32f7xx_hal_uart.o(i.UART_Receive_IT)
    i.UART_SetConfig                         0x08001234   Section        0  stm32f7xx_hal_uart.o(i.UART_SetConfig)
    i.UART_WaitOnFlagUntilTimeout            0x0800148c   Section        0  stm32f7xx_hal_uart.o(i.UART_WaitOnFlagUntilTimeout)
    i.USART1_IRQHandler                      0x080014f0   Section        0  usart.o(i.USART1_IRQHandler)
    i.UsageFault_Handler                     0x08001534   Section        0  stm32f7xx_it.o(i.UsageFault_Handler)
    i.__0printf$bare                         0x08001538   Section        0  printfb.o(i.__0printf$bare)
    i.__scatterload_copy                     0x08001548   Section       14  handlers.o(i.__scatterload_copy)
    i.__scatterload_null                     0x08001556   Section        2  handlers.o(i.__scatterload_null)
    i.__scatterload_zeroinit                 0x08001558   Section       14  handlers.o(i.__scatterload_zeroinit)
    i._printf_core                           0x08001566   Section        0  printfb.o(i._printf_core)
    _printf_core                             0x08001567   Thumb Code    34  printfb.o(i._printf_core)
    i.delay_init                             0x08001588   Section        0  delay.o(i.delay_init)
    i.fputc                                  0x0800159c   Section        0  usart.o(i.fputc)
    i.main                                   0x080015b0   Section        0  main.o(i.main)
    i.uart_init                              0x08001674   Section        0  usart.o(i.uart_init)
    .constdata                               0x080016ac   Section       16  system_stm32f7xx.o(.constdata)
    .constdata                               0x080016bc   Section        8  system_stm32f7xx.o(.constdata)
    .data                                    0x20020000   Section        4  stm32f7xx_hal.o(.data)
    .data                                    0x20020004   Section        4  system_stm32f7xx.o(.data)
    .data                                    0x20020008   Section        4  delay.o(.data)
    fac_us                                   0x20020008   Data           4  delay.o(.data)
    .data                                    0x2002000c   Section        4  usart.o(.data)
    .data                                    0x20020010   Section        4  usart.o(.data)
    .bss                                     0x20020014   Section      312  usart.o(.bss)
    STACK                                    0x20020150   Section     1024  startup_stm32f767xx.o(STACK)

    Global Symbols

    Symbol Name                              Value     Ov Type        Size  Object(Section)

    BuildAttributes$$THM_ISAv4$E$P$D$K$B$S$7EM$VFPv5_D16$PE$PLD8$A:L22UL41UL21$X:L11$S22US41US21$IEEE1$IW$USESV6$~STKCKD$USESV7$~SHL$OSPACE$ROPI$EBA8$MICROLIB$REQ8$PRES8$EABIv2 0x00000000   Number         0  anon$$obj.o ABSOLUTE
    __ARM_use_no_argv                        0x00000000   Number         0  main.o ABSOLUTE
    __use_no_errno                           0x00000000   Number         0  useno.o ABSOLUTE
    __use_no_exception_handling              0x00000000   Number         0  useno.o ABSOLUTE
    __use_no_fp                              0x00000000   Number         0  useno.o ABSOLUTE
    __use_no_heap                            0x00000000   Number         0  useno.o ABSOLUTE
    __use_no_heap_region                     0x00000000   Number         0  useno.o ABSOLUTE
    __use_no_semihosting                     0x00000000   Number         0  useno.o ABSOLUTE
    __use_no_semihosting_swi                 0x00000000   Number         0  useno.o ABSOLUTE
    __use_no_signal_handling                 0x00000000   Number         0  useno.o ABSOLUTE
    __cpp_initialize__aeabi_                  - Undefined Weak Reference
    __cxa_finalize                            - Undefined Weak Reference
    __decompress                              - Undefined Weak Reference
    _clock_init                               - Undefined Weak Reference
    _microlib_exit                            - Undefined Weak Reference
    __Vectors_Size                           0x000001f8   Number         0  startup_stm32f767xx.o ABSOLUTE
    __Vectors                                0x08000000   Data           4  startup_stm32f767xx.o(RESET)
    __Vectors_End                            0x080001f8   Data           0  startup_stm32f767xx.o(RESET)
    __main                                   0x080001f9   Thumb Code     0  entry.o(.ARM.Collect$$$$00000000)
    _main_stk                                0x080001f9   Thumb Code     0  entry2.o(.ARM.Collect$$$$00000001)
    _main_scatterload                        0x080001fd   Thumb Code     0  entry5.o(.ARM.Collect$$$$00000004)
    __main_after_scatterload                 0x08000201   Thumb Code     0  entry5.o(.ARM.Collect$$$$00000004)
    _main_clock                              0x08000201   Thumb Code     0  entry7b.o(.ARM.Collect$$$$00000008)
    _main_cpp_init                           0x08000201   Thumb Code     0  entry8b.o(.ARM.Collect$$$$0000000A)
    _main_init                               0x08000201   Thumb Code     0  entry9a.o(.ARM.Collect$$$$0000000B)
    __rt_final_cpp                           0x08000209   Thumb Code     0  entry10a.o(.ARM.Collect$$$$0000000D)
    __rt_final_exit                          0x08000209   Thumb Code     0  entry11a.o(.ARM.Collect$$$$0000000F)
    Reset_Handler                            0x0800020d   Thumb Code     8  startup_stm32f767xx.o(.text)
    ADC_IRQHandler                           0x08000227   Thumb Code     0  startup_stm32f767xx.o(.text)
    CAN1_RX0_IRQHandler                      0x08000227   Thumb Code     0  startup_stm32f767xx.o(.text)
    CAN1_RX1_IRQHandler                      0x08000227   Thumb Code     0  startup_stm32f767xx.o(.text)
    CAN1_SCE_IRQHandler                      0x08000227   Thumb Code     0  startup_stm32f767xx.o(.text)
    CAN1_TX_IRQHandler                       0x08000227   Thumb Code     0  startup_stm32f767xx.o(.text)
    CAN2_RX0_IRQHandler                      0x08000227   Thumb Code     0  startup_stm32f767xx.o(.text)
    CAN2_RX1_IRQHandler                      0x08000227   Thumb Code     0  startup_stm32f767xx.o(.text)
    CAN2_SCE_IRQHandler                      0x08000227   Thumb Code     0  startup_stm32f767xx.o(.text)
    CAN2_TX_IRQHandler                       0x08000227   Thumb Code     0  startup_stm32f767xx.o(.text)
    CAN3_RX0_IRQHandler                      0x08000227   Thumb Code     0  startup_stm32f767xx.o(.text)
    CAN3_RX1_IRQHandler                      0x08000227   Thumb Code     0  startup_stm32f767xx.o(.text)
    CAN3_SCE_IRQHandler                      0x08000227   Thumb Code     0  startup_stm32f767xx.o(.text)
    CAN3_TX_IRQHandler                       0x08000227   Thumb Code     0  startup_stm32f767xx.o(.text)
    CEC_IRQHandler                           0x08000227   Thumb Code     0  startup_stm32f767xx.o(.text)
    DCMI_IRQHandler                          0x08000227   Thumb Code     0  startup_stm32f767xx.o(.text)
    DFSDM1_FLT0_IRQHandler                   0x08000227   Thumb Code     0  startup_stm32f767xx.o(.text)
    DFSDM1_FLT1_IRQHandler                   0x08000227   Thumb Code     0  startup_stm32f767xx.o(.text)
    DFSDM1_FLT2_IRQHandler                   0x08000227   Thumb Code     0  startup_stm32f767xx.o(.text)
    DFSDM1_FLT3_IRQHandler                   0x08000227   Thumb Code     0  startup_stm32f767xx.o(.text)
    DMA1_Stream0_IRQHandler                  0x08000227   Thumb Code     0  startup_stm32f767xx.o(.text)
    DMA1_Stream1_IRQHandler                  0x08000227   Thumb Code     0  startup_stm32f767xx.o(.text)
    DMA1_Stream2_IRQHandler                  0x08000227   Thumb Code     0  startup_stm32f767xx.o(.text)
    DMA1_Stream3_IRQHandler                  0x08000227   Thumb Code     0  startup_stm32f767xx.o(.text)
    DMA1_Stream4_IRQHandler                  0x08000227   Thumb Code     0  startup_stm32f767xx.o(.text)
    DMA1_Stream5_IRQHandler                  0x08000227   Thumb Code     0  startup_stm32f767xx.o(.text)
    DMA1_Stream6_IRQHandler                  0x08000227   Thumb Code     0  startup_stm32f767xx.o(.text)
    DMA1_Stream7_IRQHandler                  0x08000227   Thumb Code     0  startup_stm32f767xx.o(.text)
    DMA2D_IRQHandler                         0x08000227   Thumb Code     0  startup_stm32f767xx.o(.text)
    DMA2_Stream0_IRQHandler                  0x08000227   Thumb Code     0  startup_stm32f767xx.o(.text)
    DMA2_Stream1_IRQHandler                  0x08000227   Thumb Code     0  startup_stm32f767xx.o(.text)
    DMA2_Stream2_IRQHandler                  0x08000227   Thumb Code     0  startup_stm32f767xx.o(.text)
    DMA2_Stream3_IRQHandler                  0x08000227   Thumb Code     0  startup_stm32f767xx.o(.text)
    DMA2_Stream4_IRQHandler                  0x08000227   Thumb Code     0  startup_stm32f767xx.o(.text)
    DMA2_Stream5_IRQHandler                  0x08000227   Thumb Code     0  startup_stm32f767xx.o(.text)
    DMA2_Stream6_IRQHandler                  0x08000227   Thumb Code     0  startup_stm32f767xx.o(.text)
    DMA2_Stream7_IRQHandler                  0x08000227   Thumb Code     0  startup_stm32f767xx.o(.text)
    ETH_IRQHandler                           0x08000227   Thumb Code     0  startup_stm32f767xx.o(.text)
    ETH_WKUP_IRQHandler                      0x08000227   Thumb Code     0  startup_stm32f767xx.o(.text)
    EXTI0_IRQHandler                         0x08000227   Thumb Code     0  startup_stm32f767xx.o(.text)
    EXTI15_10_IRQHandler                     0x08000227   Thumb Code     0  startup_stm32f767xx.o(.text)
    EXTI1_IRQHandler                         0x08000227   Thumb Code     0  startup_stm32f767xx.o(.text)
    EXTI2_IRQHandler                         0x08000227   Thumb Code     0  startup_stm32f767xx.o(.text)
    EXTI3_IRQHandler                         0x08000227   Thumb Code     0  startup_stm32f767xx.o(.text)
    EXTI4_IRQHandler                         0x08000227   Thumb Code     0  startup_stm32f767xx.o(.text)
    EXTI9_5_IRQHandler                       0x08000227   Thumb Code     0  startup_stm32f767xx.o(.text)
    FLASH_IRQHandler                         0x08000227   Thumb Code     0  startup_stm32f767xx.o(.text)
    FMC_IRQHandler                           0x08000227   Thumb Code     0  startup_stm32f767xx.o(.text)
    FPU_IRQHandler                           0x08000227   Thumb Code     0  startup_stm32f767xx.o(.text)
    I2C1_ER_IRQHandler                       0x08000227   Thumb Code     0  startup_stm32f767xx.o(.text)
    I2C1_EV_IRQHandler                       0x08000227   Thumb Code     0  startup_stm32f767xx.o(.text)
    I2C2_ER_IRQHandler                       0x08000227   Thumb Code     0  startup_stm32f767xx.o(.text)
    I2C2_EV_IRQHandler                       0x08000227   Thumb Code     0  startup_stm32f767xx.o(.text)
    I2C3_ER_IRQHandler                       0x08000227   Thumb Code     0  startup_stm32f767xx.o(.text)
    I2C3_EV_IRQHandler                       0x08000227   Thumb Code     0  startup_stm32f767xx.o(.text)
    I2C4_ER_IRQHandler                       0x08000227   Thumb Code     0  startup_stm32f767xx.o(.text)
    I2C4_EV_IRQHandler                       0x08000227   Thumb Code     0  startup_stm32f767xx.o(.text)
    JPEG_IRQHandler                          0x08000227   Thumb Code     0  startup_stm32f767xx.o(.text)
    LPTIM1_IRQHandler                        0x08000227   Thumb Code     0  startup_stm32f767xx.o(.text)
    LTDC_ER_IRQHandler                       0x08000227   Thumb Code     0  startup_stm32f767xx.o(.text)
    LTDC_IRQHandler                          0x08000227   Thumb Code     0  startup_stm32f767xx.o(.text)
    MDIOS_IRQHandler                         0x08000227   Thumb Code     0  startup_stm32f767xx.o(.text)
    OTG_FS_IRQHandler                        0x08000227   Thumb Code     0  startup_stm32f767xx.o(.text)
    OTG_FS_WKUP_IRQHandler                   0x08000227   Thumb Code     0  startup_stm32f767xx.o(.text)
    OTG_HS_EP1_IN_IRQHandler                 0x08000227   Thumb Code     0  startup_stm32f767xx.o(.text)
    OTG_HS_EP1_OUT_IRQHandler                0x08000227   Thumb Code     0  startup_stm32f767xx.o(.text)
    OTG_HS_IRQHandler                        0x08000227   Thumb Code     0  startup_stm32f767xx.o(.text)
    OTG_HS_WKUP_IRQHandler                   0x08000227   Thumb Code     0  startup_stm32f767xx.o(.text)
    PVD_IRQHandler                           0x08000227   Thumb Code     0  startup_stm32f767xx.o(.text)
    QUADSPI_IRQHandler                       0x08000227   Thumb Code     0  startup_stm32f767xx.o(.text)
    RCC_IRQHandler                           0x08000227   Thumb Code     0  startup_stm32f767xx.o(.text)
    RNG_IRQHandler                           0x08000227   Thumb Code     0  startup_stm32f767xx.o(.text)
    RTC_Alarm_IRQHandler                     0x08000227   Thumb Code     0  startup_stm32f767xx.o(.text)
    RTC_WKUP_IRQHandler                      0x08000227   Thumb Code     0  startup_stm32f767xx.o(.text)
    SAI1_IRQHandler                          0x08000227   Thumb Code     0  startup_stm32f767xx.o(.text)
    SAI2_IRQHandler                          0x08000227   Thumb Code     0  startup_stm32f767xx.o(.text)
    SDMMC1_IRQHandler                        0x08000227   Thumb Code     0  startup_stm32f767xx.o(.text)
    SDMMC2_IRQHandler                        0x08000227   Thumb Code     0  startup_stm32f767xx.o(.text)
    SPDIF_RX_IRQHandler                      0x08000227   Thumb Code     0  startup_stm32f767xx.o(.text)
    SPI1_IRQHandler                          0x08000227   Thumb Code     0  startup_stm32f767xx.o(.text)
    SPI2_IRQHandler                          0x08000227   Thumb Code     0  startup_stm32f767xx.o(.text)
    SPI3_IRQHandler                          0x08000227   Thumb Code     0  startup_stm32f767xx.o(.text)
    SPI4_IRQHandler                          0x08000227   Thumb Code     0  startup_stm32f767xx.o(.text)
    SPI5_IRQHandler                          0x08000227   Thumb Code     0  startup_stm32f767xx.o(.text)
    SPI6_IRQHandler                          0x08000227   Thumb Code     0  startup_stm32f767xx.o(.text)
    TAMP_STAMP_IRQHandler                    0x08000227   Thumb Code     0  startup_stm32f767xx.o(.text)
    TIM1_BRK_TIM9_IRQHandler                 0x08000227   Thumb Code     0  startup_stm32f767xx.o(.text)
    TIM1_CC_IRQHandler                       0x08000227   Thumb Code     0  startup_stm32f767xx.o(.text)
    TIM1_TRG_COM_TIM11_IRQHandler            0x08000227   Thumb Code     0  startup_stm32f767xx.o(.text)
    TIM1_UP_TIM10_IRQHandler                 0x08000227   Thumb Code     0  startup_stm32f767xx.o(.text)
    TIM2_IRQHandler                          0x08000227   Thumb Code     0  startup_stm32f767xx.o(.text)
    TIM3_IRQHandler                          0x08000227   Thumb Code     0  startup_stm32f767xx.o(.text)
    TIM4_IRQHandler                          0x08000227   Thumb Code     0  startup_stm32f767xx.o(.text)
    TIM5_IRQHandler                          0x08000227   Thumb Code     0  startup_stm32f767xx.o(.text)
    TIM6_DAC_IRQHandler                      0x08000227   Thumb Code     0  startup_stm32f767xx.o(.text)
    TIM7_IRQHandler                          0x08000227   Thumb Code     0  startup_stm32f767xx.o(.text)
    TIM8_BRK_TIM12_IRQHandler                0x08000227   Thumb Code     0  startup_stm32f767xx.o(.text)
    TIM8_CC_IRQHandler                       0x08000227   Thumb Code     0  startup_stm32f767xx.o(.text)
    TIM8_TRG_COM_TIM14_IRQHandler            0x08000227   Thumb Code     0  startup_stm32f767xx.o(.text)
    TIM8_UP_TIM13_IRQHandler                 0x08000227   Thumb Code     0  startup_stm32f767xx.o(.text)
    UART4_IRQHandler                         0x08000227   Thumb Code     0  startup_stm32f767xx.o(.text)
    UART5_IRQHandler                         0x08000227   Thumb Code     0  startup_stm32f767xx.o(.text)
    UART7_IRQHandler                         0x08000227   Thumb Code     0  startup_stm32f767xx.o(.text)
    UART8_IRQHandler                         0x08000227   Thumb Code     0  startup_stm32f767xx.o(.text)
    USART2_IRQHandler                        0x08000227   Thumb Code     0  startup_stm32f767xx.o(.text)
    USART3_IRQHandler                        0x08000227   Thumb Code     0  startup_stm32f767xx.o(.text)
    USART6_IRQHandler                        0x08000227   Thumb Code     0  startup_stm32f767xx.o(.text)
    WWDG_IRQHandler                          0x08000227   Thumb Code     0  startup_stm32f767xx.o(.text)
    __scatterload                            0x08000231   Thumb Code    28  init.o(.text)
    __scatterload_rt2                        0x08000231   Thumb Code     0  init.o(.text)
    BusFault_Handler                         0x08000255   Thumb Code     2  stm32f7xx_it.o(i.BusFault_Handler)
    Cache_Enable                             0x08000259   Thumb Code   120  sys.o(i.Cache_Enable)
    DebugMon_Handler                         0x080002d9   Thumb Code     2  stm32f7xx_it.o(i.DebugMon_Handler)
    Delay                                    0x080002db   Thumb Code    12  main.o(i.Delay)
    HAL_DMA_Abort_IT                         0x080002e7   Thumb Code    36  stm32f7xx_hal_dma.o(i.HAL_DMA_Abort_IT)
    HAL_GPIO_Init                            0x0800030d   Thumb Code   418  stm32f7xx_hal_gpio.o(i.HAL_GPIO_Init)
    HAL_GPIO_WritePin                        0x080004e5   Thumb Code    10  stm32f7xx_hal_gpio.o(i.HAL_GPIO_WritePin)
    HAL_GetTick                              0x080004f1   Thumb Code     6  stm32f7xx_hal.o(i.HAL_GetTick)
    HAL_IncTick                              0x080004fd   Thumb Code    10  stm32f7xx_hal.o(i.HAL_IncTick)
    HAL_Init                                 0x0800050d   Thumb Code    32  stm32f7xx_hal.o(i.HAL_Init)
    HAL_InitTick                             0x08000531   Thumb Code    34  stm32f7xx_hal.o(i.HAL_InitTick)
    HAL_MspInit                              0x08000559   Thumb Code     2  stm32f7xx_hal_msp.o(i.HAL_MspInit)
    HAL_NVIC_EnableIRQ                       0x0800055b   Thumb Code    22  stm32f7xx_hal_cortex.o(i.HAL_NVIC_EnableIRQ)
    HAL_NVIC_SetPriority                     0x08000571   Thumb Code    60  stm32f7xx_hal_cortex.o(i.HAL_NVIC_SetPriority)
    HAL_NVIC_SetPriorityGrouping             0x080005b1   Thumb Code    28  stm32f7xx_hal_cortex.o(i.HAL_NVIC_SetPriorityGrouping)
    HAL_PWREx_EnableOverDrive                0x080005d5   Thumb Code   100  stm32f7xx_hal_pwr_ex.o(i.HAL_PWREx_EnableOverDrive)
    HAL_RCC_ClockConfig                      0x08000641   Thumb Code   338  stm32f7xx_hal_rcc.o(i.HAL_RCC_ClockConfig)
    HAL_RCC_GetPCLK1Freq                     0x080007a5   Thumb Code    34  stm32f7xx_hal_rcc.o(i.HAL_RCC_GetPCLK1Freq)
    HAL_RCC_GetPCLK2Freq                     0x080007d5   Thumb Code    34  stm32f7xx_hal_rcc.o(i.HAL_RCC_GetPCLK2Freq)
    HAL_RCC_GetSysClockFreq                  0x08000805   Thumb Code   120  stm32f7xx_hal_rcc.o(i.HAL_RCC_GetSysClockFreq)
    HAL_RCC_OscConfig                        0x08000889   Thumb Code   814  stm32f7xx_hal_rcc_ex.o(i.HAL_RCC_OscConfig)
    HAL_SYSTICK_CLKSourceConfig              0x08000bc1   Thumb Code    24  stm32f7xx_hal_cortex.o(i.HAL_SYSTICK_CLKSourceConfig)
    HAL_SYSTICK_Config                       0x08000bd9   Thumb Code    38  stm32f7xx_hal_cortex.o(i.HAL_SYSTICK_Config)
    HAL_UART_ErrorCallback                   0x08000bff   Thumb Code     2  stm32f7xx_hal_uart.o(i.HAL_UART_ErrorCallback)
    HAL_UART_GetState                        0x08000c01   Thumb Code    12  stm32f7xx_hal_uart.o(i.HAL_UART_GetState)
    HAL_UART_IRQHandler                      0x08000c0d   Thumb Code   372  stm32f7xx_hal_uart.o(i.HAL_UART_IRQHandler)
    HAL_UART_Init                            0x08000d85   Thumb Code   106  stm32f7xx_hal_uart.o(i.HAL_UART_Init)
    HAL_UART_MspInit                         0x08000df1   Thumb Code   110  usart.o(i.HAL_UART_MspInit)
    HAL_UART_Receive_IT                      0x08000e6d   Thumb Code   152  stm32f7xx_hal_uart.o(i.HAL_UART_Receive_IT)
    HAL_UART_RxCpltCallback                  0x08000f05   Thumb Code    76  usart.o(i.HAL_UART_RxCpltCallback)
    HAL_UART_TxCpltCallback                  0x08000f5d   Thumb Code     2  stm32f7xx_hal_uart.o(i.HAL_UART_TxCpltCallback)
    HardFault_Handler                        0x08000f5f   Thumb Code     2  stm32f7xx_it.o(i.HardFault_Handler)
    MemManage_Handler                        0x08000f61   Thumb Code     2  stm32f7xx_it.o(i.MemManage_Handler)
    NMI_Handler                              0x08000f63   Thumb Code     2  stm32f7xx_it.o(i.NMI_Handler)
    PendSV_Handler                           0x08000f87   Thumb Code     2  stm32f7xx_it.o(i.PendSV_Handler)
    SVC_Handler                              0x08000f89   Thumb Code     2  stm32f7xx_it.o(i.SVC_Handler)
    Stm32_Clock_Init                         0x08000f8d   Thumb Code   124  sys.o(i.Stm32_Clock_Init)
    SysTick_Handler                          0x08001011   Thumb Code     4  stm32f7xx_it.o(i.SysTick_Handler)
    SystemInit                               0x08001015   Thumb Code    68  system_stm32f7xx.o(i.SystemInit)
    UART_AdvFeatureConfig                    0x08001069   Thumb Code   200  stm32f7xx_hal_uart.o(i.UART_AdvFeatureConfig)
    UART_CheckIdleState                      0x08001131   Thumb Code    92  stm32f7xx_hal_uart.o(i.UART_CheckIdleState)
    UART_SetConfig                           0x08001235   Thumb Code   550  stm32f7xx_hal_uart.o(i.UART_SetConfig)
    UART_WaitOnFlagUntilTimeout              0x0800148d   Thumb Code   100  stm32f7xx_hal_uart.o(i.UART_WaitOnFlagUntilTimeout)
    USART1_IRQHandler                        0x080014f1   Thumb Code    56  usart.o(i.USART1_IRQHandler)
    UsageFault_Handler                       0x08001535   Thumb Code     2  stm32f7xx_it.o(i.UsageFault_Handler)
    __0printf$bare                           0x08001539   Thumb Code     8  printfb.o(i.__0printf$bare)
    __1printf$bare                           0x08001539   Thumb Code     0  printfb.o(i.__0printf$bare)
    __2printf                                0x08001539   Thumb Code     0  printfb.o(i.__0printf$bare)
    __scatterload_copy                       0x08001549   Thumb Code    14  handlers.o(i.__scatterload_copy)
    __scatterload_null                       0x08001557   Thumb Code     2  handlers.o(i.__scatterload_null)
    __scatterload_zeroinit                   0x08001559   Thumb Code    14  handlers.o(i.__scatterload_zeroinit)
    delay_init                               0x08001589   Thumb Code    16  delay.o(i.delay_init)
    fputc                                    0x0800159d   Thumb Code    14  usart.o(i.fputc)
    main                                     0x080015b1   Thumb Code   172  main.o(i.main)
    uart_init                                0x08001675   Thumb Code    44  usart.o(i.uart_init)
    AHBPrescTable                            0x080016ac   Data          16  system_stm32f7xx.o(.constdata)
    APBPrescTable                            0x080016bc   Data           8  system_stm32f7xx.o(.constdata)
    Region$$Table$$Base                      0x080016c4   Number         0  anon$$obj.o(Region$$Table)
    Region$$Table$$Limit                     0x080016e4   Number         0  anon$$obj.o(Region$$Table)
    uwTick                                   0x20020000   Data           4  stm32f7xx_hal.o(.data)
    SystemCoreClock                          0x20020004   Data           4  system_stm32f7xx.o(.data)
    aRxBuffer                                0x2002000c   Data           1  usart.o(.data)
    USART_RX_STA                             0x2002000e   Data           2  usart.o(.data)
    __stdout                                 0x20020010   Data           4  usart.o(.data)
    USART_RX_BUF                             0x20020014   Data         200  usart.o(.bss)
    UART1_Handler                            0x200200dc   Data         112  usart.o(.bss)
    __initial_sp                             0x20020550   Data           0  startup_stm32f767xx.o(STACK)



==============================================================================

Memory Map of the image

  Image Entry point : 0x080001f9

  Load Region LR_IROM1 (Base: 0x08000000, Size: 0x000016f8, Max: 0x00100000, ABSOLUTE)

    Execution Region ER_IROM1 (Base: 0x08000000, Size: 0x000016e4, Max: 0x00100000, ABSOLUTE)

    Base Addr    Size         Type   Attr      Idx    E Section Name        Object

    0x08000000   0x000001f8   Data   RO            3    RESET               startup_stm32f767xx.o
    0x080001f8   0x00000000   Code   RO        10221  * .ARM.Collect$$$$00000000  mc_w.l(entry.o)
    0x080001f8   0x00000004   Code   RO        10490    .ARM.Collect$$$$00000001  mc_w.l(entry2.o)
    0x080001fc   0x00000004   Code   RO        10493    .ARM.Collect$$$$00000004  mc_w.l(entry5.o)
    0x08000200   0x00000000   Code   RO        10495    .ARM.Collect$$$$00000008  mc_w.l(entry7b.o)
    0x08000200   0x00000000   Code   RO        10497    .ARM.Collect$$$$0000000A  mc_w.l(entry8b.o)
    0x08000200   0x00000008   Code   RO        10498    .ARM.Collect$$$$0000000B  mc_w.l(entry9a.o)
    0x08000208   0x00000000   Code   RO        10500    .ARM.Collect$$$$0000000D  mc_w.l(entry10a.o)
    0x08000208   0x00000000   Code   RO        10502    .ARM.Collect$$$$0000000F  mc_w.l(entry11a.o)
    0x08000208   0x00000004   Code   RO        10491    .ARM.Collect$$$$00002712  mc_w.l(entry2.o)
    0x0800020c   0x00000024   Code   RO            4    .text               startup_stm32f767xx.o
    0x08000230   0x00000024   Code   RO        10519    .text               mc_w.l(init.o)
    0x08000254   0x00000002   Code   RO         9957    i.BusFault_Handler  stm32f7xx_it.o
    0x08000256   0x00000002   PAD
    0x08000258   0x00000080   Code   RO        10109    i.Cache_Enable      sys.o
    0x080002d8   0x00000002   Code   RO         9958    i.DebugMon_Handler  stm32f7xx_it.o
    0x080002da   0x0000000c   Code   RO         9881    i.Delay             main.o
    0x080002e6   0x00000024   Code   RO         1986    i.HAL_DMA_Abort_IT  stm32f7xx_hal_dma.o
    0x0800030a   0x00000002   PAD
    0x0800030c   0x000001d8   Code   RO         2677    i.HAL_GPIO_Init     stm32f7xx_hal_gpio.o
    0x080004e4   0x0000000a   Code   RO         2681    i.HAL_GPIO_WritePin  stm32f7xx_hal_gpio.o
    0x080004ee   0x00000002   PAD
    0x080004f0   0x0000000c   Code   RO           30    i.HAL_GetTick       stm32f7xx_hal.o
    0x080004fc   0x00000010   Code   RO           31    i.HAL_IncTick       stm32f7xx_hal.o
    0x0800050c   0x00000024   Code   RO           32    i.HAL_Init          stm32f7xx_hal.o
    0x08000530   0x00000028   Code   RO           33    i.HAL_InitTick      stm32f7xx_hal.o
    0x08000558   0x00000002   Code   RO         9925    i.HAL_MspInit       stm32f7xx_hal_msp.o
    0x0800055a   0x00000016   Code   RO          915    i.HAL_NVIC_EnableIRQ  stm32f7xx_hal_cortex.o
    0x08000570   0x00000040   Code   RO          921    i.HAL_NVIC_SetPriority  stm32f7xx_hal_cortex.o
    0x080005b0   0x00000024   Code   RO          922    i.HAL_NVIC_SetPriorityGrouping  stm32f7xx_hal_cortex.o
    0x080005d4   0x0000006c   Code   RO         5445    i.HAL_PWREx_EnableOverDrive  stm32f7xx_hal_pwr_ex.o
    0x08000640   0x00000164   Code   RO         5788    i.HAL_RCC_ClockConfig  stm32f7xx_hal_rcc.o
    0x080007a4   0x00000030   Code   RO         5795    i.HAL_RCC_GetPCLK1Freq  stm32f7xx_hal_rcc.o
    0x080007d4   0x00000030   Code   RO         5796    i.HAL_RCC_GetPCLK2Freq  stm32f7xx_hal_rcc.o
    0x08000804   0x00000084   Code   RO         5797    i.HAL_RCC_GetSysClockFreq  stm32f7xx_hal_rcc.o
    0x08000888   0x00000338   Code   RO         5892    i.HAL_RCC_OscConfig  stm32f7xx_hal_rcc_ex.o
    0x08000bc0   0x00000018   Code   RO          924    i.HAL_SYSTICK_CLKSourceConfig  stm32f7xx_hal_cortex.o
    0x08000bd8   0x00000026   Code   RO          926    i.HAL_SYSTICK_Config  stm32f7xx_hal_cortex.o
    0x08000bfe   0x00000002   Code   RO         8807    i.HAL_UART_ErrorCallback  stm32f7xx_hal_uart.o
    0x08000c00   0x0000000c   Code   RO         8809    i.HAL_UART_GetState  stm32f7xx_hal_uart.o
    0x08000c0c   0x00000178   Code   RO         8810    i.HAL_UART_IRQHandler  stm32f7xx_hal_uart.o
    0x08000d84   0x0000006a   Code   RO         8811    i.HAL_UART_Init     stm32f7xx_hal_uart.o
    0x08000dee   0x00000002   PAD
    0x08000df0   0x0000007c   Code   RO        10158    i.HAL_UART_MspInit  usart.o
    0x08000e6c   0x00000098   Code   RO         8816    i.HAL_UART_Receive_IT  stm32f7xx_hal_uart.o
    0x08000f04   0x00000058   Code   RO        10159    i.HAL_UART_RxCpltCallback  usart.o
    0x08000f5c   0x00000002   Code   RO         8822    i.HAL_UART_TxCpltCallback  stm32f7xx_hal_uart.o
    0x08000f5e   0x00000002   Code   RO         9959    i.HardFault_Handler  stm32f7xx_it.o
    0x08000f60   0x00000002   Code   RO         9960    i.MemManage_Handler  stm32f7xx_it.o
    0x08000f62   0x00000002   Code   RO         9961    i.NMI_Handler       stm32f7xx_it.o
    0x08000f64   0x00000022   Code   RO          928    i.NVIC_SetPriority  stm32f7xx_hal_cortex.o
    0x08000f86   0x00000002   Code   RO         9962    i.PendSV_Handler    stm32f7xx_it.o
    0x08000f88   0x00000002   Code   RO         9963    i.SVC_Handler       stm32f7xx_it.o
    0x08000f8a   0x00000002   PAD
    0x08000f8c   0x00000084   Code   RO        10112    i.Stm32_Clock_Init  sys.o
    0x08001010   0x00000004   Code   RO         9964    i.SysTick_Handler   stm32f7xx_it.o
    0x08001014   0x00000054   Code   RO        10033    i.SystemInit        system_stm32f7xx.o
    0x08001068   0x000000c8   Code   RO         8824    i.UART_AdvFeatureConfig  stm32f7xx_hal_uart.o
    0x08001130   0x0000005c   Code   RO         8825    i.UART_CheckIdleState  stm32f7xx_hal_uart.o
    0x0800118c   0x00000014   Code   RO         8826    i.UART_DMAAbortOnError  stm32f7xx_hal_uart.o
    0x080011a0   0x0000001c   Code   RO         8832    i.UART_EndRxTransfer  stm32f7xx_hal_uart.o
    0x080011bc   0x00000078   Code   RO         8834    i.UART_Receive_IT   stm32f7xx_hal_uart.o
    0x08001234   0x00000258   Code   RO         8835    i.UART_SetConfig    stm32f7xx_hal_uart.o
    0x0800148c   0x00000064   Code   RO         8836    i.UART_WaitOnFlagUntilTimeout  stm32f7xx_hal_uart.o
    0x080014f0   0x00000044   Code   RO        10160    i.USART1_IRQHandler  usart.o
    0x08001534   0x00000002   Code   RO         9965    i.UsageFault_Handler  stm32f7xx_it.o
    0x08001536   0x00000002   PAD
    0x08001538   0x00000010   Code   RO        10231    i.__0printf$bare    mc_w.l(printfb.o)
    0x08001548   0x0000000e   Code   RO        10531    i.__scatterload_copy  mc_w.l(handlers.o)
    0x08001556   0x00000002   Code   RO        10532    i.__scatterload_null  mc_w.l(handlers.o)
    0x08001558   0x0000000e   Code   RO        10533    i.__scatterload_zeroinit  mc_w.l(handlers.o)
    0x08001566   0x00000022   Code   RO        10238    i._printf_core      mc_w.l(printfb.o)
    0x08001588   0x00000014   Code   RO        10070    i.delay_init        delay.o
    0x0800159c   0x00000014   Code   RO        10162    i.fputc             usart.o
    0x080015b0   0x000000c4   Code   RO         9882    i.main              main.o
    0x08001674   0x00000038   Code   RO        10163    i.uart_init         usart.o
    0x080016ac   0x00000010   Data   RO        10034    .constdata          system_stm32f7xx.o
    0x080016bc   0x00000008   Data   RO        10035    .constdata          system_stm32f7xx.o
    0x080016c4   0x00000020   Data   RO        10529    Region$$Table       anon$$obj.o


    Execution Region RW_IRAM2 (Base: 0x20000000, Size: 0x00000000, Max: 0x00020000, ABSOLUTE)

    **** No section assigned to this execution region ****


    Execution Region RW_IRAM1 (Base: 0x20020000, Size: 0x00000550, Max: 0x00060000, ABSOLUTE)

    Base Addr    Size         Type   Attr      Idx    E Section Name        Object

    0x20020000   0x00000004   Data   RW           38    .data               stm32f7xx_hal.o
    0x20020004   0x00000004   Data   RW        10036    .data               system_stm32f7xx.o
    0x20020008   0x00000004   Data   RW        10073    .data               delay.o
    0x2002000c   0x00000004   Data   RW        10165    .data               usart.o
    0x20020010   0x00000004   Data   RW        10166    .data               usart.o
    0x20020014   0x00000138   Zero   RW        10164    .bss                usart.o
    0x2002014c   0x00000004   PAD
    0x20020150   0x00000400   Zero   RW            1    STACK               startup_stm32f767xx.o


==============================================================================

Image component sizes


      Code (inc. data)   RO Data    RW Data    ZI Data      Debug   Object Name

        20          4          0          4          0        693   delay.o
       208         24          0          0          0       2291   main.o
        36          8        504          0       1024        848   startup_stm32f767xx.o
       104         22          0          4          0     391807   stm32f7xx_hal.o
       218         12          0          0          0      35697   stm32f7xx_hal_cortex.o
        36          0          0          0          0       1095   stm32f7xx_hal_dma.o
       482         54          0          0          0       2396   stm32f7xx_hal_gpio.o
         2          0          0          0          0        446   stm32f7xx_hal_msp.o
       108          8          0          0          0       1144   stm32f7xx_hal_pwr_ex.o
       584         58          0          0          0       3484   stm32f7xx_hal_rcc.o
       824         10          0          0          0       1688   stm32f7xx_hal_rcc_ex.o
      1810         74          0          0          0      10208   stm32f7xx_hal_uart.o
        20          0          0          0          0       4026   stm32f7xx_it.o
       260         16          0          0          0      33437   sys.o
        84         16         24          4          0       1171   system_stm32f7xx.o
       356         56          0          8        312       4869   usart.o

    ----------------------------------------------------------------------
      5164        362        560         20       1340     495300   Object Totals
         0          0         32          0          0          0   (incl. Generated)
        12          0          0          0          4          0   (incl. Padding)

    ----------------------------------------------------------------------

      Code (inc. data)   RO Data    RW Data    ZI Data      Debug   Library Member Name

         0          0          0          0          0          0   entry.o
         0          0          0          0          0          0   entry10a.o
         0          0          0          0          0          0   entry11a.o
         8          4          0          0          0          0   entry2.o
         4          0          0          0          0          0   entry5.o
         0          0          0          0          0          0   entry7b.o
         0          0          0          0          0          0   entry8b.o
         8          4          0          0          0          0   entry9a.o
        30          0          0          0          0          0   handlers.o
        36          8          0          0          0         68   init.o
        50          8          0          0          0        152   printfb.o

    ----------------------------------------------------------------------
       136         24          0          0          0        220   Library Totals
         0          0          0          0          0          0   (incl. Padding)

    ----------------------------------------------------------------------

      Code (inc. data)   RO Data    RW Data    ZI Data      Debug   Library Name

       136         24          0          0          0        220   mc_w.l

    ----------------------------------------------------------------------
       136         24          0          0          0        220   Library Totals

    ----------------------------------------------------------------------

==============================================================================


      Code (inc. data)   RO Data    RW Data    ZI Data      Debug   

      5300        386        560         20       1340     491072   Grand Totals
      5300        386        560         20       1340     491072   ELF Image Totals
      5300        386        560         20          0          0   ROM Totals

==============================================================================

    Total RO  Size (Code + RO Data)                 5860 (   5.72kB)
    Total RW  Size (RW Data + ZI Data)              1360 (   1.33kB)
    Total ROM Size (Code + RO Data + RW Data)       5880 (   5.74kB)

==============================================================================

